EP060 - Chasing Shadows - 12
EP059 - Chasing Shadows - 11
EP058 - Chasing Shadows - 10
EP057 - Chasing Shadows - 9
EP056 - Chasing Shadows - 8
EP055 - Chasing Shadows - 7
EP054 - Chasing Shadows - 6
EP053 - Chasing Shadows - 5
EP052 - Chasing Shadows - 4
EP051 - Chasing Shadows - 3
EP050b - Update
EP050 - Chasing Shadows - 2
EP049 - Chasing Shadows - 1
Never Was Promo - Chasing Shadows
EP048 - Short Shorties 5
Neve Was Update 02
EP047 - Buried in the Sand - 16
EP046 - Buried in the Sand - 15
EP045 - Buried in the Sand - 14
Neve Was Update 01
EP044 - Buried in the Sand - 13
EP043 - Buried in the Sand - 12
EP042 - Buried in the Sand - 11
EP041 - Buried in the Sand - 10
EP040 - Buried in the Sand - 09
EP039 - Buried in the Sand - 08
EP038 - Buried in the Sand - 07
EP037 - Buried in the Sand - 06
EP036 - Buried in the Sand - 05
EP035 - Buried in the Sand - 04
EP034 - Buried in the Sand - 03
EP033 - Buried in the Sand - 02
EP032 - Buried in the Sand - 01
EP031 - Short Shorties 4
Never Was Promo - Buried in the Sand
EP030 - Short Shorties 3
EP028 - Short Shorties 2
EP028 - Shadow Hunter - 27
EP027 - Shadow Hunter - 26
EP026 - Shadow Hunter - 25
EP025 - Shadow Hunter - 24
EP024 - Shadow Hunter - 23
EP023 - Shadow Hunter - 22
EP022 - Shadow Hunter - 21
EP021 - Shadow Hunter - 20
EP020 - Shadow Hunter - 19
EP019 - Shadow Hunter - 18
EP018 - Shadow Hunter - 17
EP017 - Shadow Hunter - 16
EP016 - Shadow Hunter - 15
EP015 - Shadow Hunter - 14
EP014 - Shadow Hunter - 13
EP013 - Shadow Hunter - 12
Recap 1 - Shadow Hunter 1-11
EP012 - Short Stories 01
EP011 - Shadow Hunter - 11
EP010 - Shadow Hunter 03-03
EP009 - Shadow Hunter 03-02
EP008 - Shadow Hunter 03-01
EP007 - Shadow Hunter 02-02
EP005 - Shadow Hunter 02-01
EP005 - Shadow Hunter 01-05
EP004 - Shadow Hunter 01-04
EP003 - Shadow Hunter 01-03
EP002 - Shadow Hunter 01-02
EP001 - Shadow Hunter 01-01
EP000 - Introduction
