http://feeds.feedburner.com/TalesFromTheMuseum?format=xml
http://feeds.feedburner.com/DarkerProjectsTheByronChronicles?format=xml
http://feeds.feedburner.com/thefalconbanner?format=xml
http://feedproxy.google.com/DarkerProjectsSwordOfWindsor?format=xml
http://feeds.feedburner.com/DarkerProjectsAliveInside?format=xml
http://feedproxy.google.com/BatmanNoMansLand?format=xml
http://feedproxy.google.com/DarkerProjectsDarkMatter?format=xml
http://feeds.feedburner.com/DoctorWhoTimeTales?format=xml
http://feedproxy.google.com/TheFalconBanner?format=xml
http://feedproxy.google.com/DarkerProjectsFarHorizons?format=xml
http://feedproxy.google.com/DarkerProjectsGeneration1?format=xml
http://feedproxy.google.com/DarkerProjectsGothik?format=xml
http://feedproxy.google.com/DarkerProjectsNightTerrors?format=xml
http://feedproxy.google.com/Quantum-Retribution?format=xml
http://feedproxy.google.com/Star-Trek-Lost-Frontier?format=xml
http://feedproxy.google.com/startrekpioneers?format=xml
http://feedproxy.google.com/TheSection31Files?format=xml
http://feedproxy.google.com/darkerprojectszompod?format=xml
