http://advocacy.python.org/podcasts/pycon2007-ogg.rss
http://video.google.com/videofeed?type=search&q=engEDU&so=1&num=50&output=rss
http://techconf.thepodcastnetwork.com/feed/
http://feeds.feedburner.com/tedtalks_video?format=xml
http://video.google.com/videofeed?type=search&q=%22web%20development%22+is:free&num=50&format=any
http://video.google.com/videofeed?type=search&q=%22Advanced%20Topics%20In%20Programming%20Languages%20Series%22+is:free&num=50&format=any
http://ourmedia.org/mediarss
http://channels.ourmedia.org/og/all/feed
http://channels.ourmedia.org/mediarss/channel?gid=3
http://channels.ourmedia.org/mediarss/channel?gid=10
http://www.mevio.com/feeds/horroraddicts.xml
http://frequencyoffear.com/podcasts-only/rss2.aspx
http://opensuse.blip.tv/rss
http://www.progbox.co.uk/wordpress/?feed=podcast
http://www.mevio.com/feeds/projectshadow.xml
http://www.mevio.com/feeds/soccergirlincorporated.xml
http://feeds.gdgt.com/gdgt/podcast-mp3
http://podcast.acoupleofadmins.com/media/ACOAPRSS.xml
http://www.subbrilliant.com/emw/?feed=rss2
http://www.kulturekast.libsyn.com/rss
http://addcast.net/?feed=podcast
http://www.btpodshow.com/feeds/noagenda.xml
http://davidco.com/podcast.php
http://www.intellectualicebergs.org/mainfeed.rss
http://www.anim5.com/IDDFOS/iddfos.rss
http://feeds.gillmorgroup.com/TheGangFeed
http://tenbuckreview.thedigitaldragonslair.com/?feed=rss2
http://jetset.blip.tv/?skin=rss
http://www.cnet.com/av/vcast/buzz_video.xml
http://leoville.tv/podcasts/twil.xml
http://geekfuactiongrip.com/podcast.xml
http://feeds.feedburner.com/SecretLifeOfGirlGamers
http://betterl8thannevr.libsyn.com/rss
http://feeds.feedburner.com/TheBungeeLine
http://media.ajaxian.com/
http://feeds.feedburner.com/rubyonrailspodcast
http://feeds.feedburner.com/railscasts
http://feeds.feedburner.com/learning-rails
http://feeds.feedburner.com/boagworldpodcast
http://www.dustindiaz.com/feed
http://feeds.feedburner.com/webaxe
http://www.garageband.com/genre/ambient/podcast/totw.xml
http://thesongoftheday.com/rss/rss_i.xml
http://linux-foundation.org/weblogs/openvoices/?feed=podcast
http://feeds.feedburner.com/sourcetrunk_ogg
http://linuxcom.blip.tv/rss
http://distrowatch.com/news/oggcast.xml
http://www.novell.com/feeds/openaudio/?feed=rss2&cat=13&format=ogg
http://feeds.feedburner.com/linuxoutlaws-ogg
http://feeds.feedburner.com/LinuxlinkRadioByTimesys_ogg
http://www.linuxworld.com/podcasts/linux/index.xml
http://www.thesourceshow.org/theora.xml
http://www.opennewsshow.org/ogg.xml
http://podcast.linuxgames.com/feeds.xml
http://www.thelinuxlink.net/files/lager_ogg.rss
http://www.thelinuxlink.net/tllts/tllts_ogg.rss
http://radio.linuxquestions.org/syndicate/lq-ogg.php
http://feeds.feedburner.com/linuxreality-ogg
http://thelip.net/lipogg.xml
http://feeds.feedburner.com/productivelinux/GOXS
http://feeds.feedburner.com/ThePenguinCentralPodcast
http://fullcirclemagazine.org/category/podcast/feed
http://linuxcrazy.com/podcasts/ogg.xml
http://thebadapples.info/ogg.xml
http://abc.net.au/tv/canwehelp/video/vodcast_mp4.xml
http://www.abc.net.au/tv/enoughrope/video/enoughrope_mp4.xml
http://abc.net.au/triplej/hackhalfhour/vodcast/vodcastMp4.xml
http://abc.net.au/triplej/tv/vodcast/vodcastMp4.xml
http://www.abc.net.au/jtv/vodcast/vodcastMp4.xml
http://www.oreillynet.com/pub/feed/32?format=rss2
http://www.oreillynet.com/pub/feed/72?format=rss2
http://feeds.feedburner.com/VoicesOfWisdom?format=xml
http://feeds.feedburner.com/dailyquotepodcast?format=xml
http://podcast.nationalgeographic.com/ng-news/
http://podcast.nationalgeographic.com/walks-of-a-lifetime/
http://podcast.nationalgeographic.com/world-talk/
http://podcast.nationalgeographic.com/best-of-ngm/
http://podcast.nationalgeographic.com/ng-atmosphere/
http://podcast.nationalgeographic.com/ng-minutes/
http://podcast.nationalgeographic.com/ng-video-shorts/
http://podcast.nationalgeographic.com/wild-chronicles/
http://podcast.nationalgeographic.com/dog-whisperer/
http://podcast.nationalgeographic.com/world-music-spotlight/
http://podcast.nationalgeographic.com/world-music-profiles/
http://podcast.nationalgeographic.com/afropop/
http://feeds.twis.org/twis/science?format=xml
http://feeds.feedburner.com/diffusionradio?format=xml
http://archive.wbai.org/files/xml/explora.xml
http://www.cernpodcast.com/?feed=rss2
http://www.npr.org/rss/podcast.php?id=510221
http://www.sciencefriday.com/video/scifrivideo.xml
http://www.sciencefriday.com/feed/scifriextras.xml
http://www.wnyc.org/shows/radiolab/rss
http://feeds.feedburner.com/sciencepodcasters?format=xml
http://feeds.feedburner.com/MrSciencePodcast?format=xml
http://mindcore.podbean.com/feed/
http://www.rsc.org/chemistryworld/podcast/cw_podcast.xml
http://www.rsc.org/chemistryworld/podcast/elements_podcast.xml
http://feedproxy.google.com/universetoday/podcast
http://feeds.feedburner.com/joshshipp
http://feeds.feedburner.com/libsyn/NetSquared
http://feeds.feedburner.com/501c3cast
http://www.archive.org/services/collection-rss.php?collection=digitaltippingpoint
http://www.eroticaalacarte.com/?feed=atom
http://afterserenity.libsyn.com/rss
http://signal.serenityfirefly.com/podcast.xml
http://fireflytalk.libsyn.com/rss
http://www.futilityradio.com/sawlist.xml
http://c7y.phparch.com/c/tag/podcast?feed=atom
http://www.phppodcasts.com/feed/
http://feeds.feedburner.com/WebdevradioPodcastHome
http://feeds.feedburner.com/ZendDeveloperZone
http://feeds.feedburner.com/phpabstract
http://podcast.phpbb.com/feed/
http://recordings.talkshoe.com/rss12418.xml
http://feeds.feedburner.com/phpBBweekly
http://www.lullabot.com/podcast/feed
http://wp-community.org/wp/?feed=podcast
http://live.cakephp.org/shows/index.rss
http://hak5xvid.libsyn.com/rss
http://hackerpublicradio.org/hpr_rss.php
http://bsodtv.org/rss/episodes.rss
http://digitalunderground.tv/feeds/du-ipod.xml
http://www.ddphackradio.org/podcast/
http://sploitcast.libsyn.com/rss
http://www.stage6.com/rss/channel/channel:IPTV
http://www.stage6.com/rss/videos/order:date
http://www.switchpod.com/users/chicgeekpodcast/feed.xml
http://feeds.feedburner.com/geekischic?format=xml
http://www.skeptics.com.au/
http://www.theskepticsguide.org/rss.xml
http://www.theskepticsguide.org/5x5/rss_5x5.xml
http://dogmafreeamerica.com/rss
http://feeds.feedburner.com/TheReasonDrivenPodcast?format=xml
http://feeds.feedburner.com/reasonabledoubts/Msxh?format=xml
http://www.dbskeptic.com/podcast
http://pointofinquiry.libsyn.com/rss
http://www.centerforinquiry.net/oncampus/podcast/courseofreason.xml
http://infidelguy.libsyn.org/rss
http://skepticzone.libsyn.com/rss
http://feeds.feedburner.com/ArtistalleyPodcast
http://www.makezine.com/blog/archive/make_podcast/index.xml
http://feeds.feedburner.com/craftypod
http://fmstudio.com/podcasts/rss2.xml
http://www.radionz.co.nz/podcasts/saturday.rss
http://www.mevio.com/feeds/vamp.xml
http://feeds.feedburner.com/ChasingTheBard?format=xml
http://feeds.feedburner.com/LadyFromDay
http://jdsawyer.net/?feed=podcast
http://feeds.feedburner.com/metamorcity?format=xml
http://feeds.feedburner.com/morevi?format=xml
http://www.pgholyfield.com/maah/?feed=rss2
http://www.mevio.com/feeds/darkage.xml
http://www.michaelastackpole.com/?cat=21&feed=rss2
http://www.carynscastle.com/rss/cnw.xml
http://mickaloha.com/fpn/?feed=rss2
http://feeds.feedburner.com/LostGods?format=xml
http://www.radasky.com/Site/Hear_The_Fox/rss.xml
http://www.podiobooks.com/title/crusade/feed
http://www.podiobooks.com/title/dunkin-the-vampire-slayer/feed
http://www.podiobooks.com/title/dunkin-the-vampire-slayer-two/feed
http://www.clickcaster.com/channels/glowinthedarkradio.xml
http://podiobooks.com/title/vatican-assassin/feed
http://podiobooks.com/title/vatican-ambassador/feed
http://podiobooks.com/title/vatican-abdicator/feed
http://feeds.feedburner.com/TheProphetOfPanamindorah?format=xml
http://podiobooks.com/title/the-prophet-of-panamindorah-book-1/feed
http://podiobooks.com/title/the-prophet-of-panamindorah-book-2/feed
http://modernevil.com/Podcast/?feed=podcast
http://podiobooks.com/title/dragons-truth/feed
http://podiobooks.com/title/lost-and-not-found/feed
http://www.playingforkeepsnovel.com/feed
http://www.playingforkeepsnovel.com/category/chapters/feed
http://www.playingforkeepsnovel.com/category/specials/feed
http://podiobooks.com/title/heaven---season-one/feed
http://www.podiobooks.com/title/heaven---season-two-hell/feed
http://www.podiobooks.com/title/heaven-season-three-earth/feed
http://www.podiobooks.com/title/heaven-season-4-wasteland/feed
http://murverse.com/category/podcasts/the-takeover/feed
http://feedproxy.google.com/podiobooker
http://podiobooks.com/title/collapse-at-hidden-verse-three-three-two/feed
http://podiobooks.com/title/dorotheas-song/feed
http://podiobooks.com/title/jovian-gate-chronicles/feed
http://www.podiobooks.com/title/interview-for-a-wizard/feed/
http://www.podiobooks.com/title/the-secret-society-of-seven-sorcerers/feed/
http://podiobooks.com/title/secret-world-chronicle-book-one/feed/
http://podiobooks.com/title/secret-world-chronicle-book-two/feed/
http://podiobooks.com/title/the-zombie-chronicles-escape/feed/
http://www.podiobooks.com/title/pieces/feed/
http://podiobooks.com/title/black-star-passes/feed
http://podiobooks.com/title/heart-of-the-ronin/feed
http://podiobooks.com/title/the-corridor/feed
http://feeds.feedburner.com/LibrivoxNewReleasesPodcast?format=xml
http://librivox.org/podcast.xml
http://feeds.feedburner.com/LitSummaryPodcast?format=xml
http://librivox.org/bookfeeds/badge-of-infamy-by-lester-del-rey.xml
http://librivox.org/bookfeeds/star-surgeon-by-alan-edward-nourse.xml
http://librivox.org/bookfeeds/jane-eyre-by-charlotte-bront.xml
http://librivox.org/bookfeeds/the-adventures-of-sherlock-holmes.xml
Binary file OPML/Podnovels/.Librivox.opml.swp matches
http://feeds.feedburner.com/IShouldBeWriting
http://jchutchins.net/site/feed/rss/
Binary file OPML/Podnovels/.Podiobooks.com.opml.swp matches
http://feeds.feedburner.com/TheLinuxActionShowOGG
http://www.validsyntax.com/rss.php
http://goinglinux.com/oggpodcast.xml
http://leoville.tv/podcasts/floss.xml
http://www.linuxresonance.com/?feed=podcast
http://feeds.feedburner.com/ItsAGoodLinuxMorning
http://opensuse.blip.tv/rss
http://www.progbox.co.uk/wordpress/?feed=podcast
http://www.pcgamerpodcast.com/?feed=rss2&category_name=podcasts
http://feeds.feedburner.com/DragonsLandingPodcast
http://feeds.feedburner.com/AllGamesConsidered
http://feeds.feedburner.com/RoleMonkeys
http://www.rpgmp3.com/downloads/data/wld/rss.xml
http://www.rpgmp3.com/downloads/data/bw/bwpodcast.xml
http://thisweekinmedia.libsyn.com/rss
http://feeds.feedburner.com/ThePodcasttoolscomPodcast?format=xml
http://feeds.feedburner.com/podcast411a?format=xml
http://www.onthepod.com/podcast/On_The_Pod/rss.xml
http://pseudojoe.podomatic.com/rss2.xml
http://feeds.feedburner.com/clipshow
http://podcastclicks.com/podcast/feed/
http://www.wfmu.org/podcast/DX.xml
http://www.wfmu.org/podcast/PL.xml
http://www.wfmu.org/podcast/SE.xml
http://technocation.org/index2.php?option=com_podcast&feed=RSS2.0&no_html=1
http://feeds.feedburner.com/webbalert?format=xml
http://www.podshow.com/feeds/hd.xml
http://feeds.feedburner.com/getv
http://feeds.feedburner.com/command-n/h264
http://leoville.tv/podcasts/itn.xml
http://witi.castmetrix.com/rss/180143985094819841
http://witi.castmetrix.com/rss/180143985094819843
http://blogs.techrepublic.com.com/tech-news/wp-rss2.php
http://www.oreillynet.com/conferences/blog/index.xml
http://www.rulesfortherevolution.com/feed/rss2/
http://www.qdnow.com/grammar.xml
http://fbi945virtualvices.libsyn.com/rss
http://www.thesassyladies.com/portals/0/media/podcast_site.xml
http://strangelyliteral.libsyn.com/rss
http://geekgirl.blip.tv/?skin=rss
http://www.podchick.com/podchick.xml
http://disability411.jinkle.com/disability411.xml
http://podcastjunky.libsyn.com/rss
http://cnet.com/i/pod/cnet_gadgetgirls.xml
http://www.blogtalkradio.com/GamerGirlsRadio/feed
http://feeds.feedburner.com/Playdigital-AVI?format=xml
http://viewsfromthecoop.com/feed/
http://loadedpodcast.cnettv.com/
http://feeds.feedburner.com/DigitalPodcastNewPodcastUpdate?format=xml
http://www.hwhq.com/rssOGG.xml
http://www.ikeagamer.com/feed/podcast/
http://feeds.feedburner.com/WormwoodMystery?format=xml
http://oneeighteen.libsyn.com/rss
http://www.mevio.com/feeds/mercybend.xml
http://www.mevio.com/feeds/horroraddicts.xml
http://jamesmelzer.net/?feed=podcast
http://frequencyoffear.com/podcasts-only/rss2.aspx
Binary file OPML/Audio Dramas/.Audio Drama Talk.opml.swp matches
Binary file OPML/Audio Dramas/.Audio Dramas.opml.swp matches
http://sonic.libsyn.com/rss
http://prometheus.libsyn.com/rss
http://circus13.mypodcast.com/rss.xml
http://decoderring.libsyn.com/rss
http://feeds.feedburner.com/astralaudio?format=xml
http://feeds.feedburner.com/FinalRune?format=xml
http://iceboxradio.libsyn.com/rss
http://misfitsaudio.com/comments/?feed=podcast
http://planetretcon.com/feed/feed.xml
http://planetretcon.com/podcast/feed.xml
http://emptysea.net/tote/podcast1.xml
http://texasradio.libsyn.com/rss
http://feeds.feedburner.com/WirelesstcsWeblog?format=xml
http://www.curiousecho.org/wordpress/category/moon-wraith/feed
http://feeds.feedburner.com/dreholmes?format=xml
http://feeds.feedburner.com/dredoctorwho?format=xml
http://feeds.feedburner.com/RobotzOfTheCompany?format=xml
http://feeds.feedburner.com/MelonRogue?format=xml
http://kfat.libsyn.com/rss
http://twinstars.kungfuactiontheatre.com/?feed=rss2
http://brokensea.com/feedback/feed/
http://brokensea.com/archimedes/feed/
http://brokensea.com/drwho/feed/
http://brokensea.com/betaflight/feed/
http://brokensea.com/electricgrasshopper/feed/
http://brokensea.com/greenpond/feed/
http://brokensea.com/gusu/feed/
http://brokensea.com/hyboreansagas/feed/
http://brokensea.com/jakesampson/feed/
http://brokensea.com/maudelayne/feed/
http://www.brokensea.com/ulysses/feed/
http://feeds.feedburner.com/cossmass/estalvinslegacy?format=xml
http://feeds.feedburner.com/cossmass/rebelsredplanet?format=xml
http://imaginationlane.net/backroads/?feed=podcast
http://imaginationlane.net/tamlynn/?feed=podcast
http://imaginationlane.net/larabond/
http://imaginationlane.net/hmslydia/
http://imaginationlane.net/fandomcorridor/feed
http://imaginationlane.net/saxonboc/feed
http://imaginationlane.net/earnest/feed
http://www.pendantaudio.com/defiant_podcast.xml
http://www.pendantaudio.com/seminar-podcast.xml
http://www.pendantaudio.com/dixie-podcast.xml
http://www.pendantaudio.com/kingery-podcast.xml
http://www.pendantaudio.com/shakespeare-podcast.xml
http://www.pendantaudio.com/batman_podcast.xml
http://www.pendantaudio.com/catwoman_podcast.xml
http://www.pendantaudio.com/ww_podcast.xml
http://neohoodoo.libsyn.com/rss/nocturne
http://neohoodoo.libsyn.com/rss/unspeakable
http://feeds.feedburner.com/btrdwcd?format=xml
http://feeds.feedburner.com/btrdwstss?format=xml
http://feeds.feedburner.com/btrb7cd?format=xml
Binary file OPML/Audio Dramas/Studios/.Pendant Productions.opml.swp matches
http://feeds.feedburner.com/TalesFromTheMuseum?format=xml
http://feeds.feedburner.com/DarkerProjectsTheByronChronicles?format=xml
http://feeds.feedburner.com/thefalconbanner?format=xml
http://feedproxy.google.com/DarkerProjectsSwordOfWindsor?format=xml
http://feeds.feedburner.com/DarkerProjectsAliveInside?format=xml
http://feedproxy.google.com/BatmanNoMansLand?format=xml
http://feedproxy.google.com/DarkerProjectsDarkMatter?format=xml
http://feeds.feedburner.com/DoctorWhoTimeTales?format=xml
http://feedproxy.google.com/TheFalconBanner?format=xml
http://feedproxy.google.com/DarkerProjectsFarHorizons?format=xml
http://feedproxy.google.com/DarkerProjectsGeneration1?format=xml
http://feedproxy.google.com/DarkerProjectsGothik?format=xml
http://feedproxy.google.com/DarkerProjectsNightTerrors?format=xml
http://feedproxy.google.com/Quantum-Retribution?format=xml
http://feedproxy.google.com/Star-Trek-Lost-Frontier?format=xml
http://feedproxy.google.com/startrekpioneers?format=xml
http://feedproxy.google.com/TheSection31Files?format=xml
http://feedproxy.google.com/darkerprojectszompod?format=xml
http://feedproxy.google.com/darkerprojectsbloodmoon?format=xml
http://www.olinemysteries.com/Podcast/rss.xml
http://www.doctorfloyd.com/video/rss.xml
http://www.doctorfloyd.com/blog/rss.xml
http://buffybetweenthelines.com/?feed=rss2&cat=7
http://www.strangerthings.tv/?feed=rss2
http://feeds.feedburner.com/WormwoodMystery?format=xml
http://secondshiftpodcast.com/xml/2shifthq.xml
http://www.leviathanchronicles.com/rss/podcasts.xml
http://feeds.feedburner.com/StarTrekDiplomaticRelations?format=xml
http://www.afterlives.net/afterlives.xml
http://childrenofthegods.net/rss.xml
http://www.voicesofbabylon.com/category/tes/feed/
http://radioyesterday.chuckchat.com/rss.php
http://feeds.feedburner.com/TheDunesteefAudioFictionMagazine?format=xml
http://welltoldtales.com/tag/awesomeman/feed
http://www.variantfrequencies.com/feed/
http://voicesoftomorrow.libsyn.com/rss
http://escapepod.org/podcast.xml
http://feeds.escapeartists.net/PodCastle_Main?format=xml
http://feeds.pseudopod.org/Pseudopod?format=xml
http://feeds.feedburner.com/clonepod?format=xml
http://www.podango.com/feeds/feed.php?pid=1360&amid=1&returnType=all
http://www.mcleanweb.ca/neverwas/index.php/category/podcast/feed
http://welltoldtales.com/category/podcast/feed
http://feeds.feedburner.com/TheDrabblecast
http://feeds.feedburner.com/NewWorldArmy?format=xml
http://texasradio.libsyn.com/rss
http://dickdynamo.libsyn.com/rss
http://feeds.feedburner.com/TheMustacheRangers?format=xml
http://podiobooks.com/title/sweet-dreams/feed
http://romancepodcast.com/podcasts/rss/podcast.xml
http://www.eroticaalacarte.com/?cat=3&feed=rss2
http://www.dwad.net/podcast.xml
http://feeds.feedburner.com/dredoctorwho?format=xml
http://starwarsfanworks.libsyn.com/rss
http://feeds.feedburner.com/GGP_StarTrekDimensions?format=xml
http://feeds.feedburner.com/StarTrekExcelsior?format=xml
http://www.pendantaudio.com/defiant_podcast.xml
http://feedproxy.google.com/Star-Trek-Lost-Frontier?format=xml
http://feedproxy.google.com/startrekpioneers?format=xml
http://feedproxy.google.com/TheSection31Files?format=xml
http://www.nasa.gov/rss/NASAcast_podcast.rss
http://www.nasa.gov/rss/TWAN_podcast.rss
http://www.nasa.gov/rss/moments_podcast.rss
http://www.nasa.gov/rss/shuttle_station_podcast.rss
http://www.nasa.gov/rss/solar_system_podcast.rss
http://www.nasa.gov/rss/universe_podcast.rss
http://www.nasa.gov/rss/earth_podcast.rss
http://www.nasa.gov/rss/ED_NSO_podcast.rss
http://www.nasa.gov/rss/NASAcast_vodcast.rss
http://www.nasa.gov/rss/TWAN_vodcast.rss
http://www.nasa.gov/rss/moments_vodcast.rss
http://www.nasa.gov/rss/NASAEdge_vodcast.rss
http://www.nasa.gov/rss/shuttle_station_vodcast.rss
http://www.nasa.gov/rss/exploration_vodcast.rss
http://www.nasa.gov/rss/solar_system_vodcast.rss
http://www.nasa.gov/rss/universe_vodcast.rss
http://www.nasa.gov/rss/Earth_vodcast.rss
http://www.nasa.gov/rss/whatsup_vodcast.rss
http://coolcosmos.ipac.caltech.edu/cosmic_classroom/ask_astronomer/video/podcast/askfeed.xml
http://www.astrobio.net/podcast.xml
http://brainbites.nasa.gov/
http://chandra.harvard.edu/resources/podcasts/podcasts.xml
http://nasadln.nmsu.edu/dln/content/podcast/dlnpodcast.xml
http://hubblesite.org/skywatch.xml
http://www.jpl.nasa.govhttp://www.nasa.gov/multimedia/podcast/podfeed.xml
http://planetquest.jpl.nasa.gov/podcast.xml
http://science.nasa.gov/podcast.xml
http://www.spitzer.caltech.edu/features/podcasts/podfeed.xml
http://www.spitzer.caltech.edu/features/hiddenuniverse/hufeed.xml
http://sunearth.gsfc.nasa.gov/podcasts/podrss.xml
http://podcast.acoupleofadmins.com/media/ACOAPRSS.xml
http://www.aussiegeekpodcast.com/category/podcast/feed
http://feeds.feedburner.com/GDCRadio?format=xml
http://feeds.feedburner.com/OpsoundNewSongs?format=xml
http://opsound.org/feed/genre/${?_}
http://opsound.org/feed/genre/none
http://opsound.org/feed/genre/abstract
http://opsound.org/feed/genre/acid
http://opsound.org/feed/genre/acoustic
http://opsound.org/feed/genre/algorithmic
http://opsound.org/feed/genre/ambient
http://opsound.org/feed/genre/avantgarde
http://opsound.org/feed/genre/blip
http://opsound.org/feed/genre/blues
http://opsound.org/feed/genre/breakbeat
http://opsound.org/feed/genre/circuitbending
http://opsound.org/feed/genre/classical
http://opsound.org/feed/genre/clicksncuts
http://opsound.org/feed/genre/collage
http://opsound.org/feed/genre/composition
http://opsound.org/feed/genre/country
http://opsound.org/feed/genre/cutup
http://opsound.org/feed/genre/dance
http://opsound.org/feed/genre/disco
http://opsound.org/feed/genre/downtempo
http://opsound.org/feed/genre/drone
http://opsound.org/feed/genre/drumandbass
http://opsound.org/feed/genre/dub
http://opsound.org/feed/genre/electro
http://opsound.org/feed/genre/electroacoustic
http://opsound.org/feed/genre/electronic
http://opsound.org/feed/genre/experimental
http://opsound.org/feed/genre/fieldrecording
http://opsound.org/feed/genre/folk
http://opsound.org/feed/genre/foundsound
http://opsound.org/feed/genre/funk
http://opsound.org/feed/genre/fusion
http://opsound.org/feed/genre/game
http://opsound.org/feed/genre/generative
http://opsound.org/feed/genre/glitch
http://opsound.org/feed/genre/goth
http://opsound.org/feed/genre/groove
http://opsound.org/feed/genre/hiphop
http://opsound.org/feed/genre/house
http://opsound.org/feed/genre/idm
http://opsound.org/feed/genre/improvisation
http://opsound.org/feed/genre/indie
http://opsound.org/feed/genre/industrial
http://opsound.org/feed/genre/instrumental
http://opsound.org/feed/genre/interactive
http://opsound.org/feed/genre/jazz
http://opsound.org/feed/genre/lofi
http://opsound.org/feed/genre/loop
http://opsound.org/feed/genre/math
http://opsound.org/feed/genre/max-msp
http://opsound.org/feed/genre/metal
http://opsound.org/feed/genre/microsound
http://opsound.org/feed/genre/minimal
http://opsound.org/feed/genre/newage
http://opsound.org/feed/genre/newwave
http://opsound.org/feed/genre/noise
http://opsound.org/feed/genre/orchestral
http://opsound.org/feed/genre/pop
http://opsound.org/feed/genre/postrock
http://opsound.org/feed/genre/progressive
http://opsound.org/feed/genre/psychedelic
http://opsound.org/feed/genre/psychogeography
http://opsound.org/feed/genre/punk
http://opsound.org/feed/genre/rap
http://opsound.org/feed/genre/ringtone
http://opsound.org/feed/genre/rock
http://opsound.org/feed/genre/sample
http://opsound.org/feed/genre/shoegazer
http://opsound.org/feed/genre/song
http://opsound.org/feed/genre/soundtrack
http://opsound.org/feed/genre/spoken
http://opsound.org/feed/genre/techno
http://opsound.org/feed/genre/trance
http://opsound.org/feed/genre/triphop
http://opsound.org/feed/genre/undefinable
http://opsound.org/feed/genre/vocal
http://opsound.org/feed/genre/world
http://pauldotcom.com/podcast/psw.xml
http://feeds.ign.com/ignfeeds/podcasts/games?format=xml
http://feeds.ign.com/ignfeeds/podcasts/pc?format=xml
http://feeds.ign.com/ignfeeds/podcasts/gamescoop?format=xml
http://feeds.ign.com/ignfeeds/podcasts/gamesages?format=xml
http://feeds.ign.com/ignfeeds/podcasts/wii?format=xml
http://feeds.ign.com/ignfeeds/podcasts/beyond?format=xml
http://feeds.ign.com/ignfeeds/podcasts/retro?format=xml
http://feeds.ign.com/ignfeeds/podcasts/xbox360?format=xml
http://feeds.ign.com/ignfeeds/podcasts/insider?format=xml
OPML/IGN.opml:
http://feeds.ign.com/ignfeeds/podcasts/entertainment?format=xml
http://feeds.ign.com/ignfeeds/podcasts/tv?format=xml
http://feeds.ign.com/ignfeeds/podcasts/digigods?format=xml
http://feeds.ign.com/ignfeeds/podcasts/movies?format=xml
http://feeds.ign.com/ignfeeds/podcasts/gear?format=xml
http://www.discovery.com/radio/xml/news.xml
http://www.discovery.com/radio/xml/bulletin.xml
http://www.discovery.com/radio/xml/dscfeatures.xml
http://www.discovery.com/radio/xml/sciencevideo.xml
http://www.discovery.com/radio/xml/DiscoverySpace.xml
http://www.discovery.com/radio/xml/sciencechannel.xml
http://www.discovery.com/radio/xml/discovery_video.xml
http://www.discovery.com/radio/xml/news_video.xml
http://tlc.discovery.com/audio_podcasts/tlc_audio_podcast.xml
http://www.discovery.com/radio/xml/planetgreen.xml
http://www.discovery.com/radio/xml/apl_podcasts.xml
http://www.discovery.com/radio/xml/animalplanet_presents.xml
http://www.discovery.com/radio/xml/breastcancer.xml
http://www.discovery.com/radio/xml/discoveryhealth_experts.xml
http://www.discovery.com/radio/xml/travelchannel.xml
http://www.discovery.com/radio/xml/silverdocs.xml
http://www.discovery.com/radio/xml/miami-ink.xml
http://www.discovery.com/radio/xml/cash_cab.xml
http://feeds.feedburner.com/the404?format=xml
http://feeds.boingboing.net/boingboing/tv
http://feeds.feedburner.com/GeekNights
http://feeds.feedburner.com/GNexperimental
http://feeds.feedburner.com/AskANinja
http://feeds.feedburner.com/geekcred
http://feeds.feedburner.com/thisweekingeek
http://thaed.libsyn.com/rss?post_category=podcasts
http://feeds.feedburner.com/WotG_WeekInGeek
http://feeds.feedburner.com/podcast9
http://feeds.feedburner.com/TheGeekSpin
http://www.podculture.net/feed/
http://www.thestealthgeek.com/cast/feed.xml
http://romeo.libsyn.com/rss
http://www.freeculture.tv/fctvfeed.xml
http:/www.freeculture.tv/yeswereopen/ywofeed.xml
http://polyweekly.libsyn.com/rss
http://feeds.feedburner.com/GSGPodcasts?format=xml
http://feeds.feedburner.com/SexIsFunVideocast?format=xml
http://violetblue.libsyn.com/rss
http://www.pbs.org/wgbh/nova/rss/nova-podcast-pb.xml
http://www.pbs.org/wgbh/nova/sciencenow/rss/nsn-podcast-pb.xml
http://www.pbs.org/wgbh/nova/rss/nova-vodcast-pb.xml
http://www.discovery.com/radio/xml/sciencevideo.xml
http://www.discovery.com/radio/xml/news_video.xml
http://feeds.feedburner.com/Terravideos
http://www.nasa.gov/rss/NASAEdge_vodcast.rss
http://www.nasa.gov/rss/NASAcast_vodcast.rss
http://hubblesite.org/explore_astronomy/hubbles_universe/quicktime-640.xml
http://feeds.feedburner.com/BrainsMatter
http://www.geologicpodcast.com/rss
http://downloads.bbc.co.uk/podcasts/fivelive/drkarl/rss.xml
http://www.redshiftnow.ca/report/rss.xml.aspx
http://www.thenakedscientists.com/naked_scientists_podcast.xml
http://www.thenakedscientists.com/rss/ask_the_naked_scientists.xml
http://leoville.tv/podcasts/fib.xml
http://www.nature.com/neuro/podcast/rss/neuro.xml
http://www.nature.com/nature/podcast/rss/nature.xml
http://www.nature.com/conferences/aps/rss/index.xml
http://skepticality.libsyn.com/rss/
http://feeds.twis.org/twis/science
http://feeds.feedburner.com/booksandideaspodcast
http://feeds.feedburner.com/brainsciencepodcast?format=xml
http://skeptoid.com/podcast.xml
http://www.discovery.com/radio/xml/dscfeatures.xml
http://www.groks.net/groks.rss
http://feeds.feedburner.com/Evolution101?format=xml
http://podcast.phparch.com/podcast/rss/index.xml
http://www.screenspace.org/?feed=podcast
http://feeds.feedburner.com/cmdln_free?format=xml
http://se-radio.net/rss
http://www.ibm.com/developerworks/podcast/channel-dwall.rss
http://feeds.feedburner.com/railscasts?format=xml
http://feeds.feedburner.com/CelticMythPodshow?format=xml
http://feeds.feedburner.com/mythshow?format=xml
http://feeds.feedburner.com/mythminute?format=xml
http://feeds.feedburner.com/illdoctrine
http://www.lelaboratoire.org/fluxlabo_en_utf.xml
http://feeds.feedburner.com/InknDoodlesRadio
http://skepchick.libsyn.com/rss
http://anitaborg.org/category/news/podcasts/feed
http://www.informit.com/podcasts/index_rss.aspx?c=19
http://techiediva.blip.tv/rss
http://scienceteachingtips.podomatic.com/rss2.xml
http://www.cbc.ca/podcasting/includes/searchengine.xml
http://www.cbc.ca/podcasting/includes/dnto.xml
http://www.cbc.ca/podcasting/includes/qpodcast.xml
http://www.cbc.ca/podcasting/includes/sundayedition.xml
http://www.cbc.ca/podcasting/includes/wordsatlarge.xml
http://www.cbc.ca/podcasting/includes/writersandco.xml
http://www.cbc.ca/podcasting/includes/betweenthecovers.xml
http://www.podtech.net/home/category/tech/feed
http://www.podtech.net/home/category/techone/feed
http://feeds.feedburner.com/rockymountainvoices
http://www.podtech.net/home/category/tech/feed
http://www.podtech.net/home/category/social-media/feed
http://www.podtech.net/home/category/clean-tech/feed
http://www.podtech.net/home/category/entertainment/feed
http://alternageek.com/feed/
http://feeds.feedburner.com/slashdot/audio?format=xml
http://www.podtech.net/home/category/techone/feed
http://rssnewsapps.ziffdavis.com/audioblogs/crankygeeks/cg.h.264.xml
http://feeds.ziffdavis.com/ziffdavis/dltvdivxvideo
http://globalgeek.thepodcastnetwork.com/feed/
http://feeds.feedburner.com/AustechNews
http://extraordinary.thepodcastnetwork.com/feed/
http://geekmuse.net/podcast/
http://feeds.feedburner.com/CastingFromTheServerRoom
http://feeds.feedburner.com/CsTechcast?format=xml
http://www.btpodshow.com/feeds/tech5.xml
http://leoville.tv/podcasts/twit-ogg.xml
http://feeds.ziffdavis.com/ziffdavis/extremetechpodcast
http://feeds.feedburner.com/maximumpc/1337
http://feeds.feedburner.com/Unwired-AVI
http://feeds.feedburner.com/Geekcast
http://feeds.feedburner.com/feedburner/knightcast
http://feeds.feedburner.com/Talkcrunch
http://podcast.acoupleofadmins.com/media/ACOAPRSS.xml
http://feeds.feedburner.com/theforcefield/NKxm
http://www.lifeinhex.com/podcast.xml
http://feeds.feedburner.com/technofodder
http://greenringethos.com/greenringethos.xml
http://feeds.ziffdavis.com/ziffdavis/cgmpeg4video?format=xml
http://feeds.ziffdavis.com/ziffdavis%2fdltvdivxvideo?format=xml
http://feeds.ziffdavis.com/ziffdavis%2fextremetechpodcast?format=xml
http://feeds.feedburner.com/ziffdavis/pcmagradio?format=xml
http://thecommandline.net/feed
http://se-radio.net/rss
http://feeds.feedburner.com/RedMonkTV?format=xml
http://www.ibm.com/developerworks/podcast/channel-dwall.rss
http://www.awaretek.com/python/index.xml
http://www.perlcast.com/rss/current.xml
http://spamcast.libsyn.com/rss
http://pauldotcom.com/podcast/psw.xml
http://mckeay.libsyn.com/rss
http://cyberspeak.libsyn.com/rss
http://www.clickcaster.com/channels/ss.xml
http://www.securitycatalyst.com/blog/feed/
http://www.cigital.com/silverbullet/feed/
http://podcastingforacause.com/onsec.xml
http://www.rearguardsecurity.com/rss.xml
http://feeds.technologyreview.com/technology_review_audio_top_stories?format=xml
http://feeds.technologyreview.com/technology_review_audio_infotech?format=xml
http://feeds.technologyreview.com/technology_review_audio_biotech?format=xml
http://feeds.technologyreview.com/technology_review_audio_nanotech?format=xml
http://feeds.technologyreview.com/technology_review_audio_energy?format=xml
http://feeds.technologyreview.com/technology_review_audio_biztech?format=xml
http://abc.net.au/tv/newinventors/video/newinventors_wmv.xml
http://www.abc.net.au/science/broadband/talkingscience/talkingscience_rss.xml
http://www.abc.net.au/rn/podcast/feeds/science.xml
http://www.abc.net.au/rn/podcast/feeds/mind.xml
http://www.abc.net.au/science/k2/podcast/drk_rss.xml
http://www.abc.net.au/rn/podcast/feeds/ockham.xml
http://feeds.feedburner.com/learning-rails
http://www.sitepoint.com/blogs/category/podcast/feed
http://sic.conversationsnetwork.org/rss.html
http://feeds.conversationsnetwork.org/gigavox/channel/itconversations
http://rss.conversationsnetwork.org/rss.php?series=technometria
http://rss.conversationsnetwork.org/rss.php?series=openingmove
http://feeds.conversationsnetwork.org/channel/mediaconversations
http://podcasts.cnet.co.uk/CNET_co_uk_Podcast.rss
http://the404podcast.cnet.com/
http://crave.cnet.com/av/vcast/crave.xml
http://feeds.feedburner.com/cnet/cnetlive
http://news.com.com/2325-11424_3-0.xml
http://www.cnet.com/i/pod/realdeal.xml
http://www.cnet.com.au/feeds/rss/?tag=latest_videos
http://reviews.cnet.com/html/xml/2001-12839_7-0.xml
http://feeds.feedburner.com/LinuxCranks?format=xml
http://linuxjournal.blip.tv/rss
http://feeds.feedburner.com/linuxoutlaws-ogg?format=xml
http://linuxcom.blip.tv/rss
http://www.linuxworld.com/podcasts/linux/index.xml
