<?xml version="1.0"?>
<rss xmlns:content="http://purl.org/rss/1.0/modules/content/" xmlns:itunes="http://www.itunes.com/dtds/podcast-1.0.dtd" version="2.0"  xmlns:atom="http://www.w3.org/2005/Atom">
	<channel>
		<title>Dunkin the Vampire Slayer TWO - A free audiobook by Greg Crites</title>
		<link>http://www.podiobooks.com/title/dunkin-the-vampire-slayer-two</link>
		<atom:link href="http://www.podiobooks.com/title/dunkin-the-vampire-slayer-two/feed" rel="self" type="application/rss+xml" />
		<description>In this podiobook: DUNKIN THE VAMPIRE SLAYER IIDeath Rides A Pale, Pink, Porcine HorseThe second installment in the trilogy!In Dunkin One you followed the heroes as they pursue a High Council vampire all the way to Brazil and up the Amazon in search of ancient scrolls that may contain a cure.Now, in Dunkin Two, from the Smoky mountains of America, to Nepal, France, Australia, Italy, these three are on a quest that spans the globe. A quest to rid the earth of the bloodsuckers and find a cure for that nasty vampire blood.Many things stand in their way, high council vampires, hit men, ninjas, ancient  prophecies, and an unspeakable horror unleashed on the world by desperate vampires. And worst of all, Devlin's having serious anger issues as he comes to grips with being more powerful and more of a jackass than anything on earth....oh, and more jokes, one-liners, and wiseass comments than should be allowed in any single novel.</description>
		<webMaster>webmaster@podiobooks.com (Chris Miller)</webMaster>
		<managingEditor>editor@podiobooks.com (Evo Terra)</managingEditor>
		<pubDate>Wed, 26 Nov 2008 17:38:01 -0500</pubDate>
		<category>podiobooks</category>
		<category>audio book</category>
		<category>Humor</category>
		<image>
			<url>http://www.podiobooks.com/images/covers/DunkinTheVampireSlayerBookTwo.jpg</url>
			<width>144</width>
			<height>144</height>
			<link>http://www.podiobooks.com/title/dunkin-the-vampire-slayer-two</link>
			<title>Dunkin the Vampire Slayer TWO - A free audiobook by Greg Crites</title>
		</image>
		<copyright>Some rights reserved, 2004-2005. Greg Crites</copyright>
		<language>en-us</language>
		<docs>http://blogs.law.harvard.edu/tech/rss</docs>
		<generator>Castermaster 1.0</generator>


<!-- Start iTunes tags -->
		<itunes:subtitle>A free audiobook by Greg Crites</itunes:subtitle>
		<itunes:summary>In this podiobook: DUNKIN THE VAMPIRE SLAYER IIDeath Rides A Pale, Pink, Porcine HorseThe second installment in the trilogy!In Dunkin One you followed the heroes as they pursue a High Council vampire all the way to Brazil and up the Amazon in search of ancient scrolls that may contain a cure.Now, in Dunkin Two, from the Smoky mountains of America, to Nepal, France, Australia, Italy, these three are on a quest that spans the globe. A quest to rid the earth of the bloodsuckers and find a cure for that nasty vampire blood.Many things stand in their way, high council vampires, hit men, ninjas, ancient  prophecies, and an unspeakable horror unleashed on the world by desperate vampires. And worst of all, Devlin's having serious anger issues as he comes to grips with being more powerful and more of a jackass than anything on earth....oh, and more jokes, one-liners, and wiseass comments than should be allowed in any single novel.</itunes:summary>
		<itunes:owner>			<itunes:email>evo@podiobooks.com</itunes:email>
			<itunes:name>Evo Terra</itunes:name>
		</itunes:owner>
		<itunes:author>Greg Crites</itunes:author>
<itunes:category text="Arts">
<itunes:category text="Literature"/>
</itunes:category>
		<itunes:image href="http://www.podiobooks.com/images/covers/DunkinTheVampireSlayerBookTwo.jpg"/>
		<itunes:explicit>yes</itunes:explicit>
<!-- End iTunes tags -->
		

		<item>
			<title>Episode 01 - Dunkin the Vampire Slayer TWO</title>
			<link>http://www.podiobooks.com/</link>
			<comments>http://www.podiobooks.com/blog/2008/08/27/dunkin-the-vampire-slayer-two/</comments>
			<description>-In this episode: Chapter   1  .............. Dunkin II: Death Rides a Pale, Pink, Porcine Horse -The action takes place after the end of Dunkin 1. Devlin is still missing, Dunkin is under attack! </description>
			<category>podiobooks</category>
			<category>audio book</category>
			<category>Humor</category>
			<guid isPermaLink="false">0eb599b209ad5ab09b91cec9189b7aba</guid>
			<pubDate>Wed, 26 Nov 2008 17:38:01 -0500</pubDate>
			<author>editor@podiobooks.com (Evo Terra)</author>
			<enclosure url="http://www.podiobooks.com/sample/68734/PB-DunkinTwo-01.mp3" length="16012346" type="audio/mpeg" />


			<!-- Start iTunes tags -->
			<itunes:author>Greg Crites</itunes:author>
			<itunes:subtitle>Chapter   1  .............. Dunkin II:...</itunes:subtitle>
			<itunes:summary>Chapter   1  .............. Dunkin II: Death Rides a Pale, Pink, Porcine Horse -The action takes place after the end of Dunkin 1. Devlin is still missing, Dunkin is under attack!</itunes:summary>
		<itunes:explicit>yes</itunes:explicit>
			<itunes:duration>00:45:00</itunes:duration>
			<itunes:keywords>DunkintheVampireSlayerTWO, Greg Crites, Humor, podiobook, audio book</itunes:keywords>
			<!-- End iTunes tags -->


		</item>
		<item>
			<title>Episode 02 - Dunkin the Vampire Slayer TWO</title>
			<link>http://www.podiobooks.com/</link>
			<comments>http://www.podiobooks.com/blog/2008/08/27/dunkin-the-vampire-slayer-two/</comments>
			<description>-In this episode: Chapter   2  .............. Conflict Resolution 101-Ash is in bad shape. Devlin makes a decision, and things get worse! </description>
			<category>podiobooks</category>
			<category>audio book</category>
			<category>Humor</category>
			<guid isPermaLink="false">e592cdf23bd871b4e6923860983aa9f4</guid>
			<pubDate>Tue, 25 Nov 2008 17:38:01 -0500</pubDate>
			<author>editor@podiobooks.com (Evo Terra)</author>
			<enclosure url="http://www.podiobooks.com/sample/68735/PB-DunkinTwo-02.mp3" length="14464643" type="audio/mpeg" />


			<!-- Start iTunes tags -->
			<itunes:author>Greg Crites</itunes:author>
			<itunes:subtitle>Chapter   2  .............. Conflict Resolution...</itunes:subtitle>
			<itunes:summary>Chapter   2  .............. Conflict Resolution 101-Ash is in bad shape. Devlin makes a decision, and things get worse!</itunes:summary>
		<itunes:explicit>yes</itunes:explicit>
			<itunes:duration>00:45:00</itunes:duration>
			<itunes:keywords>DunkintheVampireSlayerTWO, Greg Crites, Humor, podiobook, audio book</itunes:keywords>
			<!-- End iTunes tags -->


		</item>
		<item>
			<title>Episode 03 - Dunkin the Vampire Slayer TWO</title>
			<link>http://www.podiobooks.com/</link>
			<comments>http://www.podiobooks.com/blog/2008/08/27/dunkin-the-vampire-slayer-two/</comments>
			<description>-In this episode: Chapter   3  .............. The claws that bite, the glue that binds-The gang split up. Devlin is on the scent and Dunkin is stuck. </description>
			<category>podiobooks</category>
			<category>audio book</category>
			<category>Humor</category>
			<guid isPermaLink="false">b8a52330f8f6ade644c9615371df6b4a</guid>
			<pubDate>Mon, 24 Nov 2008 17:38:01 -0500</pubDate>
			<author>editor@podiobooks.com (Evo Terra)</author>
			<enclosure url="http://www.podiobooks.com/sample/68736/PB-DunkinTwo-03.mp3" length="20375004" type="audio/mpeg" />


			<!-- Start iTunes tags -->
			<itunes:author>Greg Crites</itunes:author>
			<itunes:subtitle>Chapter   3  .............. The claws...</itunes:subtitle>
			<itunes:summary>Chapter   3  .............. The claws that bite, the glue that binds-The gang split up. Devlin is on the scent and Dunkin is stuck.</itunes:summary>
		<itunes:explicit>yes</itunes:explicit>
			<itunes:duration>00:45:00</itunes:duration>
			<itunes:keywords>DunkintheVampireSlayerTWO, Greg Crites, Humor, podiobook, audio book</itunes:keywords>
			<!-- End iTunes tags -->


		</item>
		<item>
			<title>Episode 04 - Dunkin the Vampire Slayer TWO</title>
			<link>http://www.podiobooks.com/</link>
			<comments>http://www.podiobooks.com/blog/2008/08/27/dunkin-the-vampire-slayer-two/</comments>
			<description>-In this episode: Chapter   4  .............. A Tangled Web of Spooks and Kooks-Devlin is on the trail of the perpetrators and he's struggling with inner monster. </description>
			<category>podiobooks</category>
			<category>audio book</category>
			<category>Humor</category>
			<guid isPermaLink="false">f1791942514373170f8b9c33bddb52fa</guid>
			<pubDate>Sun, 23 Nov 2008 17:38:01 -0500</pubDate>
			<author>editor@podiobooks.com (Evo Terra)</author>
			<enclosure url="http://www.podiobooks.com/sample/68737/PB-DunkinTwo-04.mp3" length="15436817" type="audio/mpeg" />


			<!-- Start iTunes tags -->
			<itunes:author>Greg Crites</itunes:author>
			<itunes:subtitle>Chapter   4  .............. A Tangled...</itunes:subtitle>
			<itunes:summary>Chapter   4  .............. A Tangled Web of Spooks and Kooks-Devlin is on the trail of the perpetrators and he's struggling with inner monster.</itunes:summary>
		<itunes:explicit>yes</itunes:explicit>
			<itunes:duration>00:45:00</itunes:duration>
			<itunes:keywords>DunkintheVampireSlayerTWO, Greg Crites, Humor, podiobook, audio book</itunes:keywords>
			<!-- End iTunes tags -->


		</item>
		<item>
			<title>Episode 05 - Dunkin the Vampire Slayer TWO</title>
			<link>http://www.podiobooks.com/</link>
			<comments>http://www.podiobooks.com/blog/2008/08/27/dunkin-the-vampire-slayer-two/</comments>
			<description>-In this episode: Chapter   5  .............. Break Stuff-Devlin's went off the deep end. He's on a rammstein rampage! </description>
			<category>podiobooks</category>
			<category>audio book</category>
			<category>Humor</category>
			<guid isPermaLink="false">f37c62f688bd2f53a76c75d2d1129ed2</guid>
			<pubDate>Sat, 22 Nov 2008 17:38:01 -0500</pubDate>
			<author>editor@podiobooks.com (Evo Terra)</author>
			<enclosure url="http://www.podiobooks.com/sample/68738/PB-DunkinTwo-05.mp3" length="13354544" type="audio/mpeg" />


			<!-- Start iTunes tags -->
			<itunes:author>Greg Crites</itunes:author>
			<itunes:subtitle>Chapter   5  .............. Break Stuff-Devlin's...</itunes:subtitle>
			<itunes:summary>Chapter   5  .............. Break Stuff-Devlin's went off the deep end. He's on a rammstein rampage!</itunes:summary>
		<itunes:explicit>yes</itunes:explicit>
			<itunes:duration>00:45:00</itunes:duration>
			<itunes:keywords>DunkintheVampireSlayerTWO, Greg Crites, Humor, podiobook, audio book</itunes:keywords>
			<!-- End iTunes tags -->


		</item>
		<item>
			<title>Episode 06  - Dunkin the Vampire Slayer TWO</title>
			<link>http://www.podiobooks.com/</link>
			<comments>http://www.podiobooks.com/blog/2008/08/27/dunkin-the-vampire-slayer-two/</comments>
			<description>-In this episode: Chapter 6 ........ I've been down so bleep bleep low-Devlin is still on a rampage as he searches for Dunkin in the underground paranormal facility. </description>
			<category>podiobooks</category>
			<category>audio book</category>
			<category>Humor</category>
			<guid isPermaLink="false">7a4c34162daac8f0e4b8b0b96f565fb1</guid>
			<pubDate>Fri, 21 Nov 2008 17:38:01 -0500</pubDate>
			<author>editor@podiobooks.com (Evo Terra)</author>
			<enclosure url="http://www.podiobooks.com/sample/68760/PB-DunkinTwo-06.mp3" length="15240376" type="audio/mpeg" />


			<!-- Start iTunes tags -->
			<itunes:author>Greg Crites</itunes:author>
			<itunes:subtitle>Chapter 6 ........ I've been down so bleep...</itunes:subtitle>
			<itunes:summary>Chapter 6 ........ I've been down so bleep bleep low-Devlin is still on a rampage as he searches for Dunkin in the underground paranormal facility.</itunes:summary>
		<itunes:explicit>yes</itunes:explicit>
			<itunes:duration>00:45:00</itunes:duration>
			<itunes:keywords>DunkintheVampireSlayerTWO, Greg Crites, Humor, podiobook, audio book</itunes:keywords>
			<!-- End iTunes tags -->


		</item>
		<item>
			<title>Episode 07  - Dunkin the Vampire Slayer TWO</title>
			<link>http://www.podiobooks.com/</link>
			<comments>http://www.podiobooks.com/blog/2008/08/27/dunkin-the-vampire-slayer-two/</comments>
			<description>-In this episode: Chapter 7 ......... Do, Do, Do, That It Looks Like Up To Me.-Devlin either kills or rescues lots of things. </description>
			<category>podiobooks</category>
			<category>audio book</category>
			<category>Humor</category>
			<guid isPermaLink="false">070cb84b72228636fc77cea8a16faa55</guid>
			<pubDate>Thu, 20 Nov 2008 17:38:01 -0500</pubDate>
			<author>editor@podiobooks.com (Evo Terra)</author>
			<enclosure url="http://www.podiobooks.com/sample/68792/PB-DunkinTwo-07.mp3" length="15680905" type="audio/mpeg" />


			<!-- Start iTunes tags -->
			<itunes:author>Greg Crites</itunes:author>
			<itunes:subtitle>Chapter 7 ......... Do, Do, Do, That It...</itunes:subtitle>
			<itunes:summary>Chapter 7 ......... Do, Do, Do, That It Looks Like Up To Me.-Devlin either kills or rescues lots of things.</itunes:summary>
		<itunes:explicit>yes</itunes:explicit>
			<itunes:duration>00:45:00</itunes:duration>
			<itunes:keywords>DunkintheVampireSlayerTWO, Greg Crites, Humor, podiobook, audio book</itunes:keywords>
			<!-- End iTunes tags -->


		</item>
		<item>
			<title>Episode 08  - Dunkin the Vampire Slayer TWO</title>
			<link>http://www.podiobooks.com/</link>
			<comments>http://www.podiobooks.com/blog/2008/08/27/dunkin-the-vampire-slayer-two/</comments>
			<description>-In this episode: Chapter 8 .............. Take me to your leader-Devlin calms a bit and tries education coupled with negative reinforcement. </description>
			<category>podiobooks</category>
			<category>audio book</category>
			<category>Humor</category>
			<guid isPermaLink="false">6e0d914446a97abc893c965d38a7b705</guid>
			<pubDate>Wed, 19 Nov 2008 17:38:01 -0500</pubDate>
			<author>editor@podiobooks.com (Evo Terra)</author>
			<enclosure url="http://www.podiobooks.com/sample/68830/PB-DunkinTwo-08.mp3" length="9887572" type="audio/mpeg" />


			<!-- Start iTunes tags -->
			<itunes:author>Greg Crites</itunes:author>
			<itunes:subtitle>Chapter 8 .............. Take me to your leader-Devlin...</itunes:subtitle>
			<itunes:summary>Chapter 8 .............. Take me to your leader-Devlin calms a bit and tries education coupled with negative reinforcement.</itunes:summary>
		<itunes:explicit>yes</itunes:explicit>
			<itunes:duration>00:45:00</itunes:duration>
			<itunes:keywords>DunkintheVampireSlayerTWO, Greg Crites, Humor, podiobook, audio book</itunes:keywords>
			<!-- End iTunes tags -->


		</item>
		<item>
			<title>Episode 09 - Dunkin the Vampire Slayer TWO</title>
			<link>http://www.podiobooks.com/</link>
			<comments>http://www.podiobooks.com/blog/2008/08/27/dunkin-the-vampire-slayer-two/</comments>
			<description>-In this episode: Chapter 9 .............. Disharmonic Convergence-Dunkin, Ash, and Devlin all make their way for a rendezvous. Mortimer goes under Nigel's knife. </description>
			<category>podiobooks</category>
			<category>audio book</category>
			<category>Humor</category>
			<guid isPermaLink="false">e04bd3e02f192276812a77faab0325a9</guid>
			<pubDate>Tue, 18 Nov 2008 17:38:01 -0500</pubDate>
			<author>editor@podiobooks.com (Evo Terra)</author>
			<enclosure url="http://www.podiobooks.com/sample/68831/PB-DunkinTwo-09.mp3" length="15412157" type="audio/mpeg" />


			<!-- Start iTunes tags -->
			<itunes:author>Greg Crites</itunes:author>
			<itunes:subtitle>Chapter 9 .............. Disharmonic Convergence-Dunkin, Ash, and Devlin...</itunes:subtitle>
			<itunes:summary>Chapter 9 .............. Disharmonic Convergence-Dunkin, Ash, and Devlin all make their way for a rendezvous. Mortimer goes under Nigel's knife.</itunes:summary>
		<itunes:explicit>yes</itunes:explicit>
			<itunes:duration>00:45:00</itunes:duration>
			<itunes:keywords>DunkintheVampireSlayerTWO, Greg Crites, Humor, podiobook, audio book</itunes:keywords>
			<!-- End iTunes tags -->


		</item>
		<item>
			<title>Episode 10 - Dunkin the Vampire Slayer TWO</title>
			<link>http://www.podiobooks.com/</link>
			<comments>http://www.podiobooks.com/blog/2008/08/27/dunkin-the-vampire-slayer-two/</comments>
			<description>-In this episode: Chapter 10 ............ My Way or the Die Way-Devlin forges a friendship with the CIA that will prove invaluable to the trio's efforts to battle the scourge. </description>
			<category>podiobooks</category>
			<category>audio book</category>
			<category>Humor</category>
			<guid isPermaLink="false">1c0d5df8a1b542e579a2d6d966dfa5f4</guid>
			<pubDate>Mon, 17 Nov 2008 17:38:01 -0500</pubDate>
			<author>editor@podiobooks.com (Evo Terra)</author>
			<enclosure url="http://www.podiobooks.com/sample/68899/PB-DunkinTwo-10.mp3" length="16331250" type="audio/mpeg" />


			<!-- Start iTunes tags -->
			<itunes:author>Greg Crites</itunes:author>
			<itunes:subtitle>Chapter 10 ............ My Way or the Die...</itunes:subtitle>
			<itunes:summary>Chapter 10 ............ My Way or the Die Way-Devlin forges a friendship with the CIA that will prove invaluable to the trio's efforts to battle the scourge.</itunes:summary>
		<itunes:explicit>yes</itunes:explicit>
			<itunes:duration>00:45:00</itunes:duration>
			<itunes:keywords>DunkintheVampireSlayerTWO, Greg Crites, Humor, podiobook, audio book</itunes:keywords>
			<!-- End iTunes tags -->


		</item>
		<item>
			<title>Episode 11 - Dunkin the Vampire Slayer TWO</title>
			<link>http://www.podiobooks.com/</link>
			<comments>http://www.podiobooks.com/blog/2008/08/27/dunkin-the-vampire-slayer-two/</comments>
			<description>-In this episode: Chapter 11 ............ The Touchless Mind Wash-Har! It's Devlin as Mr. Smooth in his first sex scene. </description>
			<category>podiobooks</category>
			<category>audio book</category>
			<category>Humor</category>
			<guid isPermaLink="false">f2f6437ba4afe84173a6f864c0b0a2e7</guid>
			<pubDate>Sun, 16 Nov 2008 17:38:01 -0500</pubDate>
			<author>editor@podiobooks.com (Evo Terra)</author>
			<enclosure url="http://www.podiobooks.com/sample/68900/PB-DunkinTwo-11.mp3" length="15217389" type="audio/mpeg" />


			<!-- Start iTunes tags -->
			<itunes:author>Greg Crites</itunes:author>
			<itunes:subtitle>Chapter 11 ............ The Touchless Mind Wash-Har! It's...</itunes:subtitle>
			<itunes:summary>Chapter 11 ............ The Touchless Mind Wash-Har! It's Devlin as Mr. Smooth in his first sex scene.</itunes:summary>
		<itunes:explicit>yes</itunes:explicit>
			<itunes:duration>00:45:00</itunes:duration>
			<itunes:keywords>DunkintheVampireSlayerTWO, Greg Crites, Humor, podiobook, audio book</itunes:keywords>
			<!-- End iTunes tags -->


		</item>
		<item>
			<title>Episode 12 - Dunkin the Vampire Slayer TWO</title>
			<link>http://www.podiobooks.com/</link>
			<comments>http://www.podiobooks.com/blog/2008/08/27/dunkin-the-vampire-slayer-two/</comments>
			<description>-In this episode: Chapter 12 - Crisco Cross Dressing - Where Devlin once again makes an ass of himself. </description>
			<category>podiobooks</category>
			<category>audio book</category>
			<category>Humor</category>
			<guid isPermaLink="false">6b6d8d3a96564e89f4fc667410ef59d4</guid>
			<pubDate>Sat, 15 Nov 2008 17:38:01 -0500</pubDate>
			<author>editor@podiobooks.com (Evo Terra)</author>
			<enclosure url="http://www.podiobooks.com/sample/68964/PB-DunkinTwo-12.mp3" length="11730774" type="audio/mpeg" />


			<!-- Start iTunes tags -->
			<itunes:author>Greg Crites</itunes:author>
			<itunes:subtitle>Chapter 12 - Crisco Cross Dressing - Where...</itunes:subtitle>
			<itunes:summary>Chapter 12 - Crisco Cross Dressing - Where Devlin once again makes an ass of himself.</itunes:summary>
		<itunes:explicit>yes</itunes:explicit>
			<itunes:duration>00:45:00</itunes:duration>
			<itunes:keywords>DunkintheVampireSlayerTWO, Greg Crites, Humor, podiobook, audio book</itunes:keywords>
			<!-- End iTunes tags -->


		</item>
		<item>
			<title>Episode 13 - Dunkin the Vampire Slayer TWO</title>
			<link>http://www.podiobooks.com/</link>
			<comments>http://www.podiobooks.com/blog/2008/08/27/dunkin-the-vampire-slayer-two/</comments>
			<description>-In this episode: Chapter 13-A Long Way To Travel Just To Kill Vampires-Devlin's in AUstralia, and utilizing his extensive strategery skils. </description>
			<category>podiobooks</category>
			<category>audio book</category>
			<category>Humor</category>
			<guid isPermaLink="false">068c8684833cbd118ed76739dc963bb0</guid>
			<pubDate>Fri, 14 Nov 2008 17:38:01 -0500</pubDate>
			<author>editor@podiobooks.com (Evo Terra)</author>
			<enclosure url="http://www.podiobooks.com/sample/68965/PB-DunkinTwo-13.mp3" length="14272384" type="audio/mpeg" />


			<!-- Start iTunes tags -->
			<itunes:author>Greg Crites</itunes:author>
			<itunes:subtitle>Chapter 13-A Long Way To Travel Just To...</itunes:subtitle>
			<itunes:summary>Chapter 13-A Long Way To Travel Just To Kill Vampires-Devlin's in AUstralia, and utilizing his extensive strategery skils.</itunes:summary>
		<itunes:explicit>yes</itunes:explicit>
			<itunes:duration>00:45:00</itunes:duration>
			<itunes:keywords>DunkintheVampireSlayerTWO, Greg Crites, Humor, podiobook, audio book</itunes:keywords>
			<!-- End iTunes tags -->


		</item>
		<item>
			<title>Episode 14 - Dunkin the Vampire Slayer TWO</title>
			<link>http://www.podiobooks.com/</link>
			<comments>http://www.podiobooks.com/blog/2008/08/27/dunkin-the-vampire-slayer-two/</comments>
			<description>-In this episode: Chapter 14 ............ There's A Lot To Be Said For Planning - Devlin realizes, too late, that he's about to get his ass kicked...again.  </description>
			<category>podiobooks</category>
			<category>audio book</category>
			<category>Humor</category>
			<guid isPermaLink="false">d6d420f60909c53f37f48c5ea461da5d</guid>
			<pubDate>Thu, 13 Nov 2008 17:38:01 -0500</pubDate>
			<author>editor@podiobooks.com (Evo Terra)</author>
			<enclosure url="http://www.podiobooks.com/sample/68998/PB-DunkinTwo-14.mp3" length="11849475" type="audio/mpeg" />


			<!-- Start iTunes tags -->
			<itunes:author>Greg Crites</itunes:author>
			<itunes:subtitle>Chapter 14 ............ There's A Lot To Be...</itunes:subtitle>
			<itunes:summary>Chapter 14 ............ There's A Lot To Be Said For Planning - Devlin realizes, too late, that he's about to get his ass kicked...again. </itunes:summary>
		<itunes:explicit>yes</itunes:explicit>
			<itunes:duration>00:45:00</itunes:duration>
			<itunes:keywords>DunkintheVampireSlayerTWO, Greg Crites, Humor, podiobook, audio book</itunes:keywords>
			<!-- End iTunes tags -->


		</item>
		<item>
			<title>Episode 15 - Dunkin the Vampire Slayer TWO</title>
			<link>http://www.podiobooks.com/</link>
			<comments>http://www.podiobooks.com/blog/2008/08/27/dunkin-the-vampire-slayer-two/</comments>
			<description>-In this episode: Chapter 15 ............ Ouch! That's Gonna Leave A Mark -Har! See previous chapter's description. </description>
			<category>podiobooks</category>
			<category>audio book</category>
			<category>Humor</category>
			<guid isPermaLink="false">0d53807a056697c6eb9b63a1103b8a1a</guid>
			<pubDate>Wed, 12 Nov 2008 17:38:01 -0500</pubDate>
			<author>editor@podiobooks.com (Evo Terra)</author>
			<enclosure url="http://www.podiobooks.com/sample/68999/PB-DunkinTwo-15.mp3" length="11834846" type="audio/mpeg" />


			<!-- Start iTunes tags -->
			<itunes:author>Greg Crites</itunes:author>
			<itunes:subtitle>Chapter 15 ............ Ouch! That's Gonna Leave A...</itunes:subtitle>
			<itunes:summary>Chapter 15 ............ Ouch! That's Gonna Leave A Mark -Har! See previous chapter's description.</itunes:summary>
		<itunes:explicit>yes</itunes:explicit>
			<itunes:duration>00:45:00</itunes:duration>
			<itunes:keywords>DunkintheVampireSlayerTWO, Greg Crites, Humor, podiobook, audio book</itunes:keywords>
			<!-- End iTunes tags -->


		</item>
		<item>
			<title>Episode 16 - Dunkin the Vampire Slayer TWO</title>
			<link>http://www.podiobooks.com/</link>
			<comments>http://www.podiobooks.com/blog/2008/08/27/dunkin-the-vampire-slayer-two/</comments>
			<description>-In this episode: Chapter 16 ............ Wankers in Wingtips - Dunkin and Ash fly off in search of Devlin. </description>
			<category>podiobooks</category>
			<category>audio book</category>
			<category>Humor</category>
			<guid isPermaLink="false">bbd3ec388ea2f5f3423bbed0e013fff4</guid>
			<pubDate>Tue, 11 Nov 2008 17:38:01 -0500</pubDate>
			<author>editor@podiobooks.com (Evo Terra)</author>
			<enclosure url="http://www.podiobooks.com/sample/69025/PB-DunkinTwo-16.mp3" length="13522983" type="audio/mpeg" />


			<!-- Start iTunes tags -->
			<itunes:author>Greg Crites</itunes:author>
			<itunes:subtitle>Chapter 16 ............ Wankers in Wingtips - Dunkin...</itunes:subtitle>
			<itunes:summary>Chapter 16 ............ Wankers in Wingtips - Dunkin and Ash fly off in search of Devlin.</itunes:summary>
		<itunes:explicit>yes</itunes:explicit>
			<itunes:duration>00:45:00</itunes:duration>
			<itunes:keywords>DunkintheVampireSlayerTWO, Greg Crites, Humor, podiobook, audio book</itunes:keywords>
			<!-- End iTunes tags -->


		</item>
		<item>
			<title>Episode 17 - Dunkin the Vampire Slayer TWO</title>
			<link>http://www.podiobooks.com/</link>
			<comments>http://www.podiobooks.com/blog/2008/08/27/dunkin-the-vampire-slayer-two/</comments>
			<description>-In this episode: Chapter 17 ............ I Got Dem Foot Up Yo Ass Blues - Devlin is in a singing mood. </description>
			<category>podiobooks</category>
			<category>audio book</category>
			<category>Humor</category>
			<guid isPermaLink="false">bcf9af1663c56857ce091af370934da7</guid>
			<pubDate>Mon, 10 Nov 2008 17:38:01 -0500</pubDate>
			<author>editor@podiobooks.com (Evo Terra)</author>
			<enclosure url="http://www.podiobooks.com/sample/69026/PB-DunkinTwo-17.mp3" length="13347858" type="audio/mpeg" />


			<!-- Start iTunes tags -->
			<itunes:author>Greg Crites</itunes:author>
			<itunes:subtitle>Chapter 17 ............ I Got Dem Foot Up...</itunes:subtitle>
			<itunes:summary>Chapter 17 ............ I Got Dem Foot Up Yo Ass Blues - Devlin is in a singing mood.</itunes:summary>
		<itunes:explicit>yes</itunes:explicit>
			<itunes:duration>00:45:00</itunes:duration>
			<itunes:keywords>DunkintheVampireSlayerTWO, Greg Crites, Humor, podiobook, audio book</itunes:keywords>
			<!-- End iTunes tags -->


		</item>
		<item>
			<title>Episode 18 - Dunkin the Vampire Slayer TWO</title>
			<link>http://www.podiobooks.com/</link>
			<comments>http://www.podiobooks.com/blog/2008/08/27/dunkin-the-vampire-slayer-two/</comments>
			<description>-In this episode: Chapter 18 ............ Devil With the Red Dress On - Reunion. </description>
			<category>podiobooks</category>
			<category>audio book</category>
			<category>Humor</category>
			<guid isPermaLink="false">6d011559ae7bfbf174ba721fed365971</guid>
			<pubDate>Sun, 09 Nov 2008 17:38:01 -0500</pubDate>
			<author>editor@podiobooks.com (Evo Terra)</author>
			<enclosure url="http://www.podiobooks.com/sample/69027/PB-DunkinTwo-18.mp3" length="11509674" type="audio/mpeg" />


			<!-- Start iTunes tags -->
			<itunes:author>Greg Crites</itunes:author>
			<itunes:subtitle>Chapter 18 ............ Devil With the Red Dress...</itunes:subtitle>
			<itunes:summary>Chapter 18 ............ Devil With the Red Dress On - Reunion.</itunes:summary>
		<itunes:explicit>yes</itunes:explicit>
			<itunes:duration>00:45:00</itunes:duration>
			<itunes:keywords>DunkintheVampireSlayerTWO, Greg Crites, Humor, podiobook, audio book</itunes:keywords>
			<!-- End iTunes tags -->


		</item>
		<item>
			<title>Episode 19 - Dunkin the Vampire Slayer TWO</title>
			<link>http://www.podiobooks.com/</link>
			<comments>http://www.podiobooks.com/blog/2008/08/27/dunkin-the-vampire-slayer-two/</comments>
			<description>-In this episode: Chapter 19 ............ Eat, Drink and Be Scary - Devlin exploits any opportunity for drinking, this time it backfires. </description>
			<category>podiobooks</category>
			<category>audio book</category>
			<category>Humor</category>
			<guid isPermaLink="false">3a48054e1baa6ba040306e0179b58eac</guid>
			<pubDate>Sat, 08 Nov 2008 17:38:01 -0500</pubDate>
			<author>editor@podiobooks.com (Evo Terra)</author>
			<enclosure url="http://www.podiobooks.com/sample/69028/PB-DunkinTwo-19.mp3" length="15045609" type="audio/mpeg" />


			<!-- Start iTunes tags -->
			<itunes:author>Greg Crites</itunes:author>
			<itunes:subtitle>Chapter 19 ............ Eat, Drink and Be Scary...</itunes:subtitle>
			<itunes:summary>Chapter 19 ............ Eat, Drink and Be Scary - Devlin exploits any opportunity for drinking, this time it backfires.</itunes:summary>
		<itunes:explicit>yes</itunes:explicit>
			<itunes:duration>00:45:00</itunes:duration>
			<itunes:keywords>DunkintheVampireSlayerTWO, Greg Crites, Humor, podiobook, audio book</itunes:keywords>
			<!-- End iTunes tags -->


		</item>
		<item>
			<title>Episode 20 - Dunkin the Vampire Slayer TWO</title>
			<link>http://www.podiobooks.com/</link>
			<comments>http://www.podiobooks.com/blog/2008/08/27/dunkin-the-vampire-slayer-two/</comments>
			<description>-In this episode: Chapter 20 ............ Special FX On a Limited Budget - Devlin and Dunkin bond. </description>
			<category>podiobooks</category>
			<category>audio book</category>
			<category>Humor</category>
			<guid isPermaLink="false">9fa6b3a1c677798e30a4ab8fd3f5404b</guid>
			<pubDate>Fri, 07 Nov 2008 17:38:01 -0500</pubDate>
			<author>editor@podiobooks.com (Evo Terra)</author>
			<enclosure url="http://www.podiobooks.com/sample/69029/PB-DunkinTwo-20.mp3" length="14645622" type="audio/mpeg" />


			<!-- Start iTunes tags -->
			<itunes:author>Greg Crites</itunes:author>
			<itunes:subtitle>Chapter 20 ............ Special FX On a Limited...</itunes:subtitle>
			<itunes:summary>Chapter 20 ............ Special FX On a Limited Budget - Devlin and Dunkin bond.</itunes:summary>
		<itunes:explicit>yes</itunes:explicit>
			<itunes:duration>00:45:00</itunes:duration>
			<itunes:keywords>DunkintheVampireSlayerTWO, Greg Crites, Humor, podiobook, audio book</itunes:keywords>
			<!-- End iTunes tags -->


		</item>
		<item>
			<title>Episode 21 - Dunkin the Vampire Slayer TWO</title>
			<link>http://www.podiobooks.com/</link>
			<comments>http://www.podiobooks.com/blog/2008/08/27/dunkin-the-vampire-slayer-two/</comments>
			<description>-In this episode: Chapter 21 ............ Crouching Vampire, Broken Bottle - Devlin and Dunkin are attacked by Ninjas. </description>
			<category>podiobooks</category>
			<category>audio book</category>
			<category>Humor</category>
			<guid isPermaLink="false">2e24b8541004a691357fdc9f5c8e9881</guid>
			<pubDate>Thu, 06 Nov 2008 17:38:01 -0500</pubDate>
			<author>editor@podiobooks.com (Evo Terra)</author>
			<enclosure url="http://www.podiobooks.com/sample/69030/PB-DunkinTwo-21.mp3" length="10974686" type="audio/mpeg" />


			<!-- Start iTunes tags -->
			<itunes:author>Greg Crites</itunes:author>
			<itunes:subtitle>Chapter 21 ............ Crouching Vampire, Broken Bottle -...</itunes:subtitle>
			<itunes:summary>Chapter 21 ............ Crouching Vampire, Broken Bottle - Devlin and Dunkin are attacked by Ninjas.</itunes:summary>
		<itunes:explicit>yes</itunes:explicit>
			<itunes:duration>00:45:00</itunes:duration>
			<itunes:keywords>DunkintheVampireSlayerTWO, Greg Crites, Humor, podiobook, audio book</itunes:keywords>
			<!-- End iTunes tags -->


		</item>
		<item>
			<title>Episode 22 - Dunkin the Vampire Slayer TWO</title>
			<link>http://www.podiobooks.com/</link>
			<comments>http://www.podiobooks.com/blog/2008/08/27/dunkin-the-vampire-slayer-two/</comments>
			<description>-In this episode: Chapter 22 ............ Pre Papal Pickling - On the way to Italy...almost. </description>
			<category>podiobooks</category>
			<category>audio book</category>
			<category>Humor</category>
			<guid isPermaLink="false">adc7c23176076e733fcbf8ca76642e78</guid>
			<pubDate>Wed, 05 Nov 2008 17:38:01 -0500</pubDate>
			<author>editor@podiobooks.com (Evo Terra)</author>
			<enclosure url="http://www.podiobooks.com/sample/69031/PB-DunkinTwo-22.mp3" length="10779081" type="audio/mpeg" />


			<!-- Start iTunes tags -->
			<itunes:author>Greg Crites</itunes:author>
			<itunes:subtitle>Chapter 22 ............ Pre Papal Pickling - On...</itunes:subtitle>
			<itunes:summary>Chapter 22 ............ Pre Papal Pickling - On the way to Italy...almost.</itunes:summary>
		<itunes:explicit>yes</itunes:explicit>
			<itunes:duration>00:45:00</itunes:duration>
			<itunes:keywords>DunkintheVampireSlayerTWO, Greg Crites, Humor, podiobook, audio book</itunes:keywords>
			<!-- End iTunes tags -->


		</item>
		<item>
			<title>Episode 23 - Dunkin the Vampire Slayer TWO</title>
			<link>http://www.podiobooks.com/</link>
			<comments>http://www.podiobooks.com/blog/2008/08/27/dunkin-the-vampire-slayer-two/</comments>
			<description>-In this episode: Chapter 23 ......... Devlin, The Ugly American - Devlin in Rome...can things get worse? </description>
			<category>podiobooks</category>
			<category>audio book</category>
			<category>Humor</category>
			<guid isPermaLink="false">006d22e416918c0832d2226ef23a6a12</guid>
			<pubDate>Tue, 04 Nov 2008 17:38:01 -0500</pubDate>
			<author>editor@podiobooks.com (Evo Terra)</author>
			<enclosure url="http://www.podiobooks.com/sample/69105/PB-DunkinTwo-23.mp3" length="12930735" type="audio/mpeg" />


			<!-- Start iTunes tags -->
			<itunes:author>Greg Crites</itunes:author>
			<itunes:subtitle>Chapter 23 ......... Devlin, The Ugly American -...</itunes:subtitle>
			<itunes:summary>Chapter 23 ......... Devlin, The Ugly American - Devlin in Rome...can things get worse?</itunes:summary>
		<itunes:explicit>yes</itunes:explicit>
			<itunes:duration>00:45:00</itunes:duration>
			<itunes:keywords>DunkintheVampireSlayerTWO, Greg Crites, Humor, podiobook, audio book</itunes:keywords>
			<!-- End iTunes tags -->


		</item>
		<item>
			<title>Episode 24 - Dunkin the Vampire Slayer TWO</title>
			<link>http://www.podiobooks.com/</link>
			<comments>http://www.podiobooks.com/blog/2008/08/27/dunkin-the-vampire-slayer-two/</comments>
			<description>-In this episode: Chapter 24 ............ The Italian Leg Garden - Devlin is abducted by the Mafia </description>
			<category>podiobooks</category>
			<category>audio book</category>
			<category>Humor</category>
			<guid isPermaLink="false">fdb92a29eda0b6b1d58b89b88543a9cf</guid>
			<pubDate>Mon, 03 Nov 2008 17:38:01 -0500</pubDate>
			<author>editor@podiobooks.com (Evo Terra)</author>
			<enclosure url="http://www.podiobooks.com/sample/69106/PB-DunkinTwo-24.mp3" length="13302719" type="audio/mpeg" />


			<!-- Start iTunes tags -->
			<itunes:author>Greg Crites</itunes:author>
			<itunes:subtitle>Chapter 24 ............ The Italian Leg Garden -...</itunes:subtitle>
			<itunes:summary>Chapter 24 ............ The Italian Leg Garden - Devlin is abducted by the Mafia</itunes:summary>
		<itunes:explicit>yes</itunes:explicit>
			<itunes:duration>00:45:00</itunes:duration>
			<itunes:keywords>DunkintheVampireSlayerTWO, Greg Crites, Humor, podiobook, audio book</itunes:keywords>
			<!-- End iTunes tags -->


		</item>
		<item>
			<title>Episode 25 - Dunkin the Vampire Slayer TWO</title>
			<link>http://www.podiobooks.com/</link>
			<comments>http://www.podiobooks.com/blog/2008/08/27/dunkin-the-vampire-slayer-two/</comments>
			<description>-In this episode: Chapter 25 ............ Idle Hands do the Devlin's Work - Devlin gets a new sword. </description>
			<category>podiobooks</category>
			<category>audio book</category>
			<category>Humor</category>
			<guid isPermaLink="false">4c71a10b9f2e80ac37ad61a11e2271e2</guid>
			<pubDate>Sun, 02 Nov 2008 17:38:01 -0500</pubDate>
			<author>editor@podiobooks.com (Evo Terra)</author>
			<enclosure url="http://www.podiobooks.com/sample/69214/PB-DunkinTwo-25.mp3" length="11815202" type="audio/mpeg" />


			<!-- Start iTunes tags -->
			<itunes:author>Greg Crites</itunes:author>
			<itunes:subtitle>Chapter 25 ............ Idle Hands do the Devlin's...</itunes:subtitle>
			<itunes:summary>Chapter 25 ............ Idle Hands do the Devlin's Work - Devlin gets a new sword.</itunes:summary>
		<itunes:explicit>yes</itunes:explicit>
			<itunes:duration>00:45:00</itunes:duration>
			<itunes:keywords>DunkintheVampireSlayerTWO, Greg Crites, Humor, podiobook, audio book</itunes:keywords>
			<!-- End iTunes tags -->


		</item>
		<item>
			<title>Episode 26 - Dunkin the Vampire Slayer TWO</title>
			<link>http://www.podiobooks.com/</link>
			<comments>http://www.podiobooks.com/blog/2008/08/27/dunkin-the-vampire-slayer-two/</comments>
			<description>-In this episode: Chapter 26 ............ Charity Begins At Home - Devlin needs an extra hand to drink, so he has to give something away. Sword? or Money? </description>
			<category>podiobooks</category>
			<category>audio book</category>
			<category>Humor</category>
			<guid isPermaLink="false">677cccba137023e64c648fdac2d80a75</guid>
			<pubDate>Sat, 01 Nov 2008 17:38:01 -0400</pubDate>
			<author>editor@podiobooks.com (Evo Terra)</author>
			<enclosure url="http://www.podiobooks.com/sample/69218/PB-DunkinTwo-26.mp3" length="10855150" type="audio/mpeg" />


			<!-- Start iTunes tags -->
			<itunes:author>Greg Crites</itunes:author>
			<itunes:subtitle>Chapter 26 ............ Charity Begins At Home -...</itunes:subtitle>
			<itunes:summary>Chapter 26 ............ Charity Begins At Home - Devlin needs an extra hand to drink, so he has to give something away. Sword? or Money?</itunes:summary>
		<itunes:explicit>yes</itunes:explicit>
			<itunes:duration>00:45:00</itunes:duration>
			<itunes:keywords>DunkintheVampireSlayerTWO, Greg Crites, Humor, podiobook, audio book</itunes:keywords>
			<!-- End iTunes tags -->


		</item>
		<item>
			<title>Episode 27 - Dunkin the Vampire Slayer TWO</title>
			<link>http://www.podiobooks.com/</link>
			<comments>http://www.podiobooks.com/blog/2008/08/27/dunkin-the-vampire-slayer-two/</comments>
			<description>-In this episode: Chapter 27 ............ Confession Is Good For The Soul - Devlin and Dunkin are reunited. </description>
			<category>podiobooks</category>
			<category>audio book</category>
			<category>Humor</category>
			<guid isPermaLink="false">34a94d94ead31ac557912327ea296f56</guid>
			<pubDate>Fri, 31 Oct 2008 17:38:01 -0400</pubDate>
			<author>editor@podiobooks.com (Evo Terra)</author>
			<enclosure url="http://www.podiobooks.com/sample/69219/PB-DunkinTwo-27.mp3" length="16446177" type="audio/mpeg" />


			<!-- Start iTunes tags -->
			<itunes:author>Greg Crites</itunes:author>
			<itunes:subtitle>Chapter 27 ............ Confession Is Good For The...</itunes:subtitle>
			<itunes:summary>Chapter 27 ............ Confession Is Good For The Soul - Devlin and Dunkin are reunited.</itunes:summary>
		<itunes:explicit>yes</itunes:explicit>
			<itunes:duration>00:45:00</itunes:duration>
			<itunes:keywords>DunkintheVampireSlayerTWO, Greg Crites, Humor, podiobook, audio book</itunes:keywords>
			<!-- End iTunes tags -->


		</item>
		<item>
			<title>Episode 28 - Dunkin the Vampire Slayer TWO</title>
			<link>http://www.podiobooks.com/</link>
			<comments>http://www.podiobooks.com/blog/2008/08/27/dunkin-the-vampire-slayer-two/</comments>
			<description>-In this episode: Chapter 28 ............ The Abominable, Carping Nomad - Meanwhile, Ash complains his way through Nepal. </description>
			<category>podiobooks</category>
			<category>audio book</category>
			<category>Humor</category>
			<guid isPermaLink="false">b302db4381ee74849bd79da163bf9232</guid>
			<pubDate>Thu, 30 Oct 2008 17:38:01 -0400</pubDate>
			<author>editor@podiobooks.com (Evo Terra)</author>
			<enclosure url="http://www.podiobooks.com/sample/69220/PB-DunkinTwo-28.mp3" length="10694236" type="audio/mpeg" />


			<!-- Start iTunes tags -->
			<itunes:author>Greg Crites</itunes:author>
			<itunes:subtitle>Chapter 28 ............ The Abominable, Carping Nomad -...</itunes:subtitle>
			<itunes:summary>Chapter 28 ............ The Abominable, Carping Nomad - Meanwhile, Ash complains his way through Nepal.</itunes:summary>
		<itunes:explicit>yes</itunes:explicit>
			<itunes:duration>00:45:00</itunes:duration>
			<itunes:keywords>DunkintheVampireSlayerTWO, Greg Crites, Humor, podiobook, audio book</itunes:keywords>
			<!-- End iTunes tags -->


		</item>
		<item>
			<title>Episode 29 - Dunkin the Vampire Slayer TWO</title>
			<link>http://www.podiobooks.com/</link>
			<comments>http://www.podiobooks.com/blog/2008/08/27/dunkin-the-vampire-slayer-two/</comments>
			<description>-In this episode: Chapter 29 ............ Sweet Dreams Are Made of This - Ash faces the tribulation. </description>
			<category>podiobooks</category>
			<category>audio book</category>
			<category>Humor</category>
			<guid isPermaLink="false">fe830ed4eea19450358191bdf13aa002</guid>
			<pubDate>Wed, 29 Oct 2008 17:38:01 -0400</pubDate>
			<author>editor@podiobooks.com (Evo Terra)</author>
			<enclosure url="http://www.podiobooks.com/sample/69221/PB-DunkinTwo-29.mp3" length="13433540" type="audio/mpeg" />


			<!-- Start iTunes tags -->
			<itunes:author>Greg Crites</itunes:author>
			<itunes:subtitle>Chapter 29 ............ Sweet Dreams Are Made of...</itunes:subtitle>
			<itunes:summary>Chapter 29 ............ Sweet Dreams Are Made of This - Ash faces the tribulation.</itunes:summary>
		<itunes:explicit>yes</itunes:explicit>
			<itunes:duration>00:45:00</itunes:duration>
			<itunes:keywords>DunkintheVampireSlayerTWO, Greg Crites, Humor, podiobook, audio book</itunes:keywords>
			<!-- End iTunes tags -->


		</item>
		<item>
			<title>Episode 30 - Dunkin the Vampire Slayer TWO</title>
			<link>http://www.podiobooks.com/</link>
			<comments>http://www.podiobooks.com/blog/2008/08/27/dunkin-the-vampire-slayer-two/</comments>
			<description>-In this episode: Chapter 30 ............ Die, Then Die Some More - Ash faces unimaginable horribleness! </description>
			<category>podiobooks</category>
			<category>audio book</category>
			<category>Humor</category>
			<guid isPermaLink="false">34eeebeb88e9fd4bc2c6f822aafb9be3</guid>
			<pubDate>Tue, 28 Oct 2008 17:38:01 -0400</pubDate>
			<author>editor@podiobooks.com (Evo Terra)</author>
			<enclosure url="http://www.podiobooks.com/sample/69222/PB-DunkinTwo-30.mp3" length="13862366" type="audio/mpeg" />


			<!-- Start iTunes tags -->
			<itunes:author>Greg Crites</itunes:author>
			<itunes:subtitle>Chapter 30 ............ Die, Then Die Some More...</itunes:subtitle>
			<itunes:summary>Chapter 30 ............ Die, Then Die Some More - Ash faces unimaginable horribleness!</itunes:summary>
		<itunes:explicit>yes</itunes:explicit>
			<itunes:duration>00:45:00</itunes:duration>
			<itunes:keywords>DunkintheVampireSlayerTWO, Greg Crites, Humor, podiobook, audio book</itunes:keywords>
			<!-- End iTunes tags -->


		</item>
		<item>
			<title>Episode 31 - Dunkin the Vampire Slayer TWO</title>
			<link>http://www.podiobooks.com/</link>
			<comments>http://www.podiobooks.com/blog/2008/08/27/dunkin-the-vampire-slayer-two/</comments>
			<description>-In this episode: Chapter 31 ............ Let's Go For A Spin Around The Dock - Devlin and Dunkin Bond. </description>
			<category>podiobooks</category>
			<category>audio book</category>
			<category>Humor</category>
			<guid isPermaLink="false">9c9c8c2f726c77ede70e52c074d16126</guid>
			<pubDate>Mon, 27 Oct 2008 17:38:01 -0400</pubDate>
			<author>editor@podiobooks.com (Evo Terra)</author>
			<enclosure url="http://www.podiobooks.com/sample/69223/PB-DunkinTwo-31.mp3" length="11888345" type="audio/mpeg" />


			<!-- Start iTunes tags -->
			<itunes:author>Greg Crites</itunes:author>
			<itunes:subtitle>Chapter 31 ............ Let's Go For A Spin...</itunes:subtitle>
			<itunes:summary>Chapter 31 ............ Let's Go For A Spin Around The Dock - Devlin and Dunkin Bond.</itunes:summary>
		<itunes:explicit>yes</itunes:explicit>
			<itunes:duration>00:45:00</itunes:duration>
			<itunes:keywords>DunkintheVampireSlayerTWO, Greg Crites, Humor, podiobook, audio book</itunes:keywords>
			<!-- End iTunes tags -->


		</item>
		<item>
			<title>Episode 32 - Dunkin the Vampire Slayer TWO</title>
			<link>http://www.podiobooks.com/</link>
			<comments>http://www.podiobooks.com/blog/2008/08/27/dunkin-the-vampire-slayer-two/</comments>
			<description>-In this episode: Chapter 32 ............ I Got My Hammer, What Now? </description>
			<category>podiobooks</category>
			<category>audio book</category>
			<category>Humor</category>
			<guid isPermaLink="false">d687b1367d7c9772f5ee940f30530bcd</guid>
			<pubDate>Sun, 26 Oct 2008 17:38:01 -0400</pubDate>
			<author>editor@podiobooks.com (Evo Terra)</author>
			<enclosure url="http://www.podiobooks.com/sample/69321/PB-DunkinTwo-32.mp3" length="11962742" type="audio/mpeg" />


			<!-- Start iTunes tags -->
			<itunes:author>Greg Crites</itunes:author>
			<itunes:subtitle>Chapter 32 ............ I Got My Hammer, What...</itunes:subtitle>
			<itunes:summary>Chapter 32 ............ I Got My Hammer, What Now?</itunes:summary>
		<itunes:explicit>yes</itunes:explicit>
			<itunes:duration>00:45:00</itunes:duration>
			<itunes:keywords>DunkintheVampireSlayerTWO, Greg Crites, Humor, podiobook, audio book</itunes:keywords>
			<!-- End iTunes tags -->


		</item>
		<item>
			<title>Episode 33 - Dunkin the Vampire Slayer TWO</title>
			<link>http://www.podiobooks.com/</link>
			<comments>http://www.podiobooks.com/blog/2008/08/27/dunkin-the-vampire-slayer-two/</comments>
			<description>-In this episode: Chapter 33 ......... I Got the Fever, There Ain't No Cure </description>
			<category>podiobooks</category>
			<category>audio book</category>
			<category>Humor</category>
			<guid isPermaLink="false">8a30c61ca8c3262f8585ae97e2e59c9a</guid>
			<pubDate>Sat, 25 Oct 2008 17:38:01 -0400</pubDate>
			<author>editor@podiobooks.com (Evo Terra)</author>
			<enclosure url="http://www.podiobooks.com/sample/69328/PB-DunkinTwo-33.mp3" length="11639659" type="audio/mpeg" />


			<!-- Start iTunes tags -->
			<itunes:author>Greg Crites</itunes:author>
			<itunes:subtitle>Chapter 33 ......... I Got the Fever, There...</itunes:subtitle>
			<itunes:summary>Chapter 33 ......... I Got the Fever, There Ain't No Cure</itunes:summary>
		<itunes:explicit>yes</itunes:explicit>
			<itunes:duration>00:45:00</itunes:duration>
			<itunes:keywords>DunkintheVampireSlayerTWO, Greg Crites, Humor, podiobook, audio book</itunes:keywords>
			<!-- End iTunes tags -->


		</item>
		<item>
			<title>Episode 34 - Dunkin the Vampire Slayer TWO</title>
			<link>http://www.podiobooks.com/</link>
			<comments>http://www.podiobooks.com/blog/2008/08/27/dunkin-the-vampire-slayer-two/</comments>
			<description>-In this episode: Chapter 34 ......... Okay, I'll try one, but just one... </description>
			<category>podiobooks</category>
			<category>audio book</category>
			<category>Humor</category>
			<guid isPermaLink="false">d3d111fdb25c61ae2e54705e5416c847</guid>
			<pubDate>Fri, 24 Oct 2008 17:38:01 -0400</pubDate>
			<author>editor@podiobooks.com (Evo Terra)</author>
			<enclosure url="http://www.podiobooks.com/sample/69329/PB-DunkinTwo-34.mp3" length="11785527" type="audio/mpeg" />


			<!-- Start iTunes tags -->
			<itunes:author>Greg Crites</itunes:author>
			<itunes:subtitle>Chapter 34 ......... Okay, I'll try one, but...</itunes:subtitle>
			<itunes:summary>Chapter 34 ......... Okay, I'll try one, but just one...</itunes:summary>
		<itunes:explicit>yes</itunes:explicit>
			<itunes:duration>00:45:00</itunes:duration>
			<itunes:keywords>DunkintheVampireSlayerTWO, Greg Crites, Humor, podiobook, audio book</itunes:keywords>
			<!-- End iTunes tags -->


		</item>
		<item>
			<title>Episode 35 - Dunkin the Vampire Slayer TWO</title>
			<link>http://www.podiobooks.com/</link>
			<comments>http://www.podiobooks.com/blog/2008/08/27/dunkin-the-vampire-slayer-two/</comments>
			<description>-In this episode: Chapter 35 ......... How Do You Make the Angels Weep? </description>
			<category>podiobooks</category>
			<category>audio book</category>
			<category>Humor</category>
			<guid isPermaLink="false">849ca93af6635c4a0f9ac12a05aaa66d</guid>
			<pubDate>Thu, 23 Oct 2008 17:38:01 -0400</pubDate>
			<author>editor@podiobooks.com (Evo Terra)</author>
			<enclosure url="http://www.podiobooks.com/sample/69330/PB-DunkinTwo-35.mp3" length="15891976" type="audio/mpeg" />


			<!-- Start iTunes tags -->
			<itunes:author>Greg Crites</itunes:author>
			<itunes:subtitle>Chapter 35 ......... How Do You Make the...</itunes:subtitle>
			<itunes:summary>Chapter 35 ......... How Do You Make the Angels Weep?</itunes:summary>
		<itunes:explicit>yes</itunes:explicit>
			<itunes:duration>00:45:00</itunes:duration>
			<itunes:keywords>DunkintheVampireSlayerTWO, Greg Crites, Humor, podiobook, audio book</itunes:keywords>
			<!-- End iTunes tags -->


		</item>
		<item>
			<title>Episode 36 - Dunkin the Vampire Slayer TWO</title>
			<link>http://www.podiobooks.com/</link>
			<comments>http://www.podiobooks.com/blog/2008/08/27/dunkin-the-vampire-slayer-two/</comments>
			<description>-In this episode: Chapter 36 ............ It's My Party and I'll Die If I Want To </description>
			<category>podiobooks</category>
			<category>audio book</category>
			<category>Humor</category>
			<guid isPermaLink="false">d1bbd3c834700630920b19196bbbb773</guid>
			<pubDate>Wed, 22 Oct 2008 17:38:01 -0400</pubDate>
			<author>editor@podiobooks.com (Evo Terra)</author>
			<enclosure url="http://www.podiobooks.com/sample/69386/PB-DunkinTwo-36.mp3" length="11518451" type="audio/mpeg" />


			<!-- Start iTunes tags -->
			<itunes:author>Greg Crites</itunes:author>
			<itunes:subtitle>Chapter 36 ............ It's My Party and I'll...</itunes:subtitle>
			<itunes:summary>Chapter 36 ............ It's My Party and I'll Die If I Want To</itunes:summary>
		<itunes:explicit>yes</itunes:explicit>
			<itunes:duration>00:45:00</itunes:duration>
			<itunes:keywords>DunkintheVampireSlayerTWO, Greg Crites, Humor, podiobook, audio book</itunes:keywords>
			<!-- End iTunes tags -->


		</item>
		<item>
			<title>Episode 37 - Dunkin the Vampire Slayer TWO</title>
			<link>http://www.podiobooks.com/</link>
			<comments>http://www.podiobooks.com/blog/2008/08/27/dunkin-the-vampire-slayer-two/</comments>
			<description>-In this episode: Chapter 37 ........... Oh, the Humanity! </description>
			<category>podiobooks</category>
			<category>audio book</category>
			<category>Humor</category>
			<guid isPermaLink="false">78ebf9aea16d82968e8818e1391fe670</guid>
			<pubDate>Tue, 21 Oct 2008 17:38:01 -0400</pubDate>
			<author>editor@podiobooks.com (Evo Terra)</author>
			<enclosure url="http://www.podiobooks.com/sample/69387/PB-DunkinTwo-37.mp3" length="12409540" type="audio/mpeg" />


			<!-- Start iTunes tags -->
			<itunes:author>Greg Crites</itunes:author>
			<itunes:subtitle>Chapter 37 ........... Oh, the Humanity!</itunes:subtitle>
			<itunes:summary>Chapter 37 ........... Oh, the Humanity!</itunes:summary>
		<itunes:explicit>yes</itunes:explicit>
			<itunes:duration>00:45:00</itunes:duration>
			<itunes:keywords>DunkintheVampireSlayerTWO, Greg Crites, Humor, podiobook, audio book</itunes:keywords>
			<!-- End iTunes tags -->


		</item>
		<item>
			<title>Episode 38 - Dunkin the Vampire Slayer TWO</title>
			<link>http://www.podiobooks.com/</link>
			<comments>http://www.podiobooks.com/blog/2008/08/27/dunkin-the-vampire-slayer-two/</comments>
			<description>-In this episode: Chapter 38 ......... Armageddon Tired of These Interruptions </description>
			<category>podiobooks</category>
			<category>audio book</category>
			<category>Humor</category>
			<guid isPermaLink="false">bfac5fcb9d998ee3c5d56b982db00ba0</guid>
			<pubDate>Mon, 20 Oct 2008 17:38:01 -0400</pubDate>
			<author>editor@podiobooks.com (Evo Terra)</author>
			<enclosure url="http://www.podiobooks.com/sample/69417/PB-DunkinTwo-38.mp3" length="12626043" type="audio/mpeg" />


			<!-- Start iTunes tags -->
			<itunes:author>Greg Crites</itunes:author>
			<itunes:subtitle>Chapter 38 ......... Armageddon Tired of These Interruptions</itunes:subtitle>
			<itunes:summary>Chapter 38 ......... Armageddon Tired of These Interruptions</itunes:summary>
		<itunes:explicit>yes</itunes:explicit>
			<itunes:duration>00:45:00</itunes:duration>
			<itunes:keywords>DunkintheVampireSlayerTWO, Greg Crites, Humor, podiobook, audio book</itunes:keywords>
			<!-- End iTunes tags -->


		</item>
		<item>
			<title>Episode 39 - Dunkin the Vampire Slayer TWO</title>
			<link>http://www.podiobooks.com/</link>
			<comments>http://www.podiobooks.com/blog/2008/08/27/dunkin-the-vampire-slayer-two/</comments>
			<description>-In this episode: Chapter 39 ......... Born To Be Riled </description>
			<category>podiobooks</category>
			<category>audio book</category>
			<category>Humor</category>
			<guid isPermaLink="false">3afa51e52efbf9330d251aeadf7b3241</guid>
			<pubDate>Sun, 19 Oct 2008 17:38:01 -0400</pubDate>
			<author>editor@podiobooks.com (Evo Terra)</author>
			<enclosure url="http://www.podiobooks.com/sample/69418/PB-DunkinTwo-39.mp3" length="10761527" type="audio/mpeg" />


			<!-- Start iTunes tags -->
			<itunes:author>Greg Crites</itunes:author>
			<itunes:subtitle>Chapter 39 ......... Born To Be Riled</itunes:subtitle>
			<itunes:summary>Chapter 39 ......... Born To Be Riled</itunes:summary>
		<itunes:explicit>yes</itunes:explicit>
			<itunes:duration>00:45:00</itunes:duration>
			<itunes:keywords>DunkintheVampireSlayerTWO, Greg Crites, Humor, podiobook, audio book</itunes:keywords>
			<!-- End iTunes tags -->


		</item>
		<item>
			<title>Episode 40 - Dunkin the Vampire Slayer TWO</title>
			<link>http://www.podiobooks.com/</link>
			<comments>http://www.podiobooks.com/blog/2008/08/27/dunkin-the-vampire-slayer-two/</comments>
			<description>-In this episode: Chapter 40 ......... Down the Rabid Hole </description>
			<category>podiobooks</category>
			<category>audio book</category>
			<category>Humor</category>
			<guid isPermaLink="false">0c35d315b7b0dfe246a8f4d67358dcc8</guid>
			<pubDate>Sat, 18 Oct 2008 17:38:01 -0400</pubDate>
			<author>editor@podiobooks.com (Evo Terra)</author>
			<enclosure url="http://www.podiobooks.com/sample/69429/PB-DunkinTwo-40.mp3" length="11153991" type="audio/mpeg" />


			<!-- Start iTunes tags -->
			<itunes:author>Greg Crites</itunes:author>
			<itunes:subtitle>Chapter 40 ......... Down the Rabid Hole</itunes:subtitle>
			<itunes:summary>Chapter 40 ......... Down the Rabid Hole</itunes:summary>
		<itunes:explicit>yes</itunes:explicit>
			<itunes:duration>00:45:00</itunes:duration>
			<itunes:keywords>DunkintheVampireSlayerTWO, Greg Crites, Humor, podiobook, audio book</itunes:keywords>
			<!-- End iTunes tags -->


		</item>
		<item>
			<title>Episode 41 - Dunkin the Vampire Slayer TWO</title>
			<link>http://www.podiobooks.com/</link>
			<comments>http://www.podiobooks.com/blog/2008/08/27/dunkin-the-vampire-slayer-two/</comments>
			<description>-In this episode: Chapter 41 ........ Surrender? I thought We Already Did </description>
			<category>podiobooks</category>
			<category>audio book</category>
			<category>Humor</category>
			<guid isPermaLink="false">e8ea3d18662eef6afd0435b87ee933fb</guid>
			<pubDate>Fri, 17 Oct 2008 17:38:01 -0400</pubDate>
			<author>editor@podiobooks.com (Evo Terra)</author>
			<enclosure url="http://www.podiobooks.com/sample/69430/PB-DunkinTwo-41.mp3" length="11673514" type="audio/mpeg" />


			<!-- Start iTunes tags -->
			<itunes:author>Greg Crites</itunes:author>
			<itunes:subtitle>Chapter 41 ........ Surrender? I thought We Already...</itunes:subtitle>
			<itunes:summary>Chapter 41 ........ Surrender? I thought We Already Did</itunes:summary>
		<itunes:explicit>yes</itunes:explicit>
			<itunes:duration>00:45:00</itunes:duration>
			<itunes:keywords>DunkintheVampireSlayerTWO, Greg Crites, Humor, podiobook, audio book</itunes:keywords>
			<!-- End iTunes tags -->


		</item>
		<item>
			<title>Episode 42 - Dunkin the Vampire Slayer TWO</title>
			<link>http://www.podiobooks.com/</link>
			<comments>http://www.podiobooks.com/blog/2008/08/27/dunkin-the-vampire-slayer-two/</comments>
			<description>-In this episode: Chapter 42 ............ The Thrilla in Greenwich Villa </description>
			<category>podiobooks</category>
			<category>audio book</category>
			<category>Humor</category>
			<guid isPermaLink="false">15225afbd7da8e9d904f86d394e7db5b</guid>
			<pubDate>Thu, 16 Oct 2008 17:38:01 -0400</pubDate>
			<author>editor@podiobooks.com (Evo Terra)</author>
			<enclosure url="http://www.podiobooks.com/sample/69431/PB-DunkinTwo-42.mp3" length="10373661" type="audio/mpeg" />


			<!-- Start iTunes tags -->
			<itunes:author>Greg Crites</itunes:author>
			<itunes:subtitle>Chapter 42 ............ The Thrilla in Greenwich Villa</itunes:subtitle>
			<itunes:summary>Chapter 42 ............ The Thrilla in Greenwich Villa</itunes:summary>
		<itunes:explicit>yes</itunes:explicit>
			<itunes:duration>00:45:00</itunes:duration>
			<itunes:keywords>DunkintheVampireSlayerTWO, Greg Crites, Humor, podiobook, audio book</itunes:keywords>
			<!-- End iTunes tags -->


		</item>
		<item>
			<title>Episode 43 - Dunkin the Vampire Slayer TWO</title>
			<link>http://www.podiobooks.com/</link>
			<comments>http://www.podiobooks.com/blog/2008/08/27/dunkin-the-vampire-slayer-two/</comments>
			<description>-In this episode: Chapter 43 ............ It's Time To Stop and Smell the Flowers </description>
			<category>podiobooks</category>
			<category>audio book</category>
			<category>Humor</category>
			<guid isPermaLink="false">a94d5c21850b6f609343e6f92895f973</guid>
			<pubDate>Wed, 15 Oct 2008 17:38:01 -0400</pubDate>
			<author>editor@podiobooks.com (Evo Terra)</author>
			<enclosure url="http://www.podiobooks.com/sample/69432/PB-DunkinTwo-43.mp3" length="11356688" type="audio/mpeg" />


			<!-- Start iTunes tags -->
			<itunes:author>Greg Crites</itunes:author>
			<itunes:subtitle>Chapter 43 ............ It's Time To Stop and...</itunes:subtitle>
			<itunes:summary>Chapter 43 ............ It's Time To Stop and Smell the Flowers</itunes:summary>
		<itunes:explicit>yes</itunes:explicit>
			<itunes:duration>00:45:00</itunes:duration>
			<itunes:keywords>DunkintheVampireSlayerTWO, Greg Crites, Humor, podiobook, audio book</itunes:keywords>
			<!-- End iTunes tags -->


		</item>
		<item>
			<title>Dunkin the Vampire Slayer TWO - The End</title>
			<link>http://www.podiobooks.com/</link>
			<comments>http://www.podiobooks.com/blog/2008/08/27/dunkin-the-vampire-slayer-two/</comments>
			<description>The End</description>
			<category>podiobooks</category>
			<category>audio book</category>
			<category>Humor</category>
			<guid isPermaLink="false">516d2480c5e6d780c2ca427b4e32d609</guid>
			<pubDate>Wed, 15 Oct 2008 17:38:01 -0400</pubDate>
			<author>editor@podiobooks.com (Evo Terra)</author>
			<enclosure url="http://www.podiobooks.com/sample/0/theend.mp3" length="404254" type="audio/mpeg" />


			<!-- Start iTunes tags -->
			<itunes:author>Podiobooks Staff</itunes:author>
			<itunes:subtitle>The End</itunes:subtitle>
			<itunes:summary>The End</itunes:summary>
		<itunes:explicit>yes</itunes:explicit>
			<itunes:duration>00:02:00</itunes:duration>
			<itunes:keywords>DunkintheVampireSlayerTWO, Greg Crites, Humor, podiobook, audio book</itunes:keywords>
			<!-- End iTunes tags -->


		</item>
	
	</channel>
</rss>