<?xml version="1.0"?>
<rss xmlns:content="http://purl.org/rss/1.0/modules/content/" xmlns:itunes="http://www.itunes.com/dtds/podcast-1.0.dtd" version="2.0"  xmlns:atom="http://www.w3.org/2005/Atom">
	<channel>
		<title>The Prophet of Panamindorah, Book II Wolflings and Wizards - A free audiobook by Abigail Hilton</title>
		<link>http://www.podiobooks.com/title/the-prophet-of-panamindorah-book-2</link>
		<atom:link href="http://www.podiobooks.com/title/the-prophet-of-panamindorah-book-2/feed" rel="self" type="application/rss+xml" />
		<description>In this podiobook: Things have gone horribly wrong for the fauns at the spring festival of Lupricasia. A princess has been kidnapped, and visiting feline dignitaries have been blamed for the kidnapping. Corry, the young wizard shape shifter who saw the kidnapping, has been sent hurdling over a waterfall at a deadly height. Meanwhile the wolfling bandits who unwittingly hold the clues that would explain the kidnapping are about to be discovered by a bounty hunter and his employer, bent on their destruction. This is the second book in The Prophet of Panamindorah trillogy . If you haven't listened to Book I, you might want to start there. If you need a refresher or you really want to dive in midstream, listen to 8 minute summary of Book I.</description>
		<webMaster>webmaster@podiobooks.com (Chris Miller)</webMaster>
		<managingEditor>editor@podiobooks.com (Evo Terra)</managingEditor>
		<pubDate>Fri, 21 Nov 2008 10:01:22 -0500</pubDate>
		<category>podiobooks</category>
		<category>audio book</category>
		<category>Fantasy</category>
		<image>
			<url>http://www.podiobooks.com/images/covers/TheProphetOfPanamindorah2.jpg</url>
			<width>144</width>
			<height>144</height>
			<link>http://www.podiobooks.com/title/the-prophet-of-panamindorah-book-2</link>
			<title>The Prophet of Panamindorah, Book II Wolflings and Wizards - A free audiobook by Abigail Hilton</title>
		</image>
		<copyright>Some rights reserved, 2004-2005. Abigail Hilton</copyright>
		<language>en-us</language>
		<docs>http://blogs.law.harvard.edu/tech/rss</docs>
		<generator>Castermaster 1.0</generator>


<!-- Start iTunes tags -->
		<itunes:subtitle>A free audiobook by Abigail Hilton</itunes:subtitle>
		<itunes:summary>In this podiobook: Things have gone horribly wrong for the fauns at the spring festival of Lupricasia. A princess has been kidnapped, and visiting feline dignitaries have been blamed for the kidnapping. Corry, the young wizard shape shifter who saw the kidnapping, has been sent hurdling over a waterfall at a deadly height. Meanwhile the wolfling bandits who unwittingly hold the clues that would explain the kidnapping are about to be discovered by a bounty hunter and his employer, bent on their destruction. This is the second book in The Prophet of Panamindorah trillogy . If you haven't listened to Book I, you might want to start there. If you need a refresher or you really want to dive in midstream, listen to 8 minute summary of Book I.</itunes:summary>
		<itunes:owner>			<itunes:email>evo@podiobooks.com</itunes:email>
			<itunes:name>Evo Terra</itunes:name>
		</itunes:owner>
		<itunes:author>Abigail Hilton</itunes:author>
<itunes:category text="Arts">
<itunes:category text="Literature"/>
</itunes:category>
		<itunes:image href="http://www.podiobooks.com/images/covers/TheProphetOfPanamindorah2.jpg"/>
		<itunes:explicit>no</itunes:explicit>
<!-- End iTunes tags -->
		

		<item>
			<title>Episode 1 - The Prophet of Panamindorah, Book II Wolflings and Wizards</title>
			<link>http://www.podiobooks.com/</link>
			<comments>http://www.podiobooks.com/blog/2008/09/21/the-prophet-of-panamindorah-book-ii-wolflings-and-wizards/</comments>
			<description>-In this episode: Part I Chapter 1. The Ripples Begin - Syrill brings the news of Capricia's kidnapping. Laylan, Shyshax, and Chance are unaware of events in Danda-lay, having left the night before to hunt for the Raiders in Selbis. Chapter 2. Selbis - Laylan and company wander through the ruin of Gabalon's old fortress. They find more than Laylan wanted to. Chapter 3. A Turn of Tables - A fight ends in a draw. </description>
			<category>podiobooks</category>
			<category>audio book</category>
			<category>Fantasy</category>
			<guid isPermaLink="false">49869a4a92b27a19fbd6b6c9fba06049</guid>
			<pubDate>Fri, 21 Nov 2008 10:01:22 -0500</pubDate>
			<author>editor@podiobooks.com (Evo Terra)</author>
			<enclosure url="http://www.podiobooks.com/sample/68920/PB-Panamindorah2-01.mp3" length="33146260" type="audio/mpeg" />


			<!-- Start iTunes tags -->
			<itunes:author>Abigail Hilton</itunes:author>
			<itunes:subtitle>Part I Chapter 1. The Ripples Begin -...</itunes:subtitle>
			<itunes:summary>Part I Chapter 1. The Ripples Begin - Syrill brings the news of Capricia's kidnapping. Laylan, Shyshax, and Chance are unaware of events in Danda-lay, having left the night before to hunt for the Raiders in Selbis. Chapter 2. Selbis - Laylan and company wander through the ruin of Gabalon's old fortress. They find more than Laylan wanted to. Chapter 3. A Turn of Tables - A fight ends in a draw.</itunes:summary>
		<itunes:explicit>no</itunes:explicit>
			<itunes:duration>00:45:00</itunes:duration>
			<itunes:keywords>TheProphetofPanamindorahBookIIWolflingsandWizards, Abigail Hilton, Fantasy, podiobook, audio book</itunes:keywords>
			<!-- End iTunes tags -->


		</item>
		<item>
			<title>Episode 2 - The Prophet of Panamindorah, Book II Wolflings and Wizards</title>
			<link>http://www.podiobooks.com/</link>
			<comments>http://www.podiobooks.com/blog/2008/09/21/the-prophet-of-panamindorah-book-ii-wolflings-and-wizards/</comments>
			<description>-In this episode: Chapter 4. Another Interrogation - Chance makes his own decision about loyalty. Chapter 5. Jubal Investigates - Back in Danda-lay Jubal has doubts about Syrill's story of what happened to Capricia. Lexus's cubs search for their father. Chapter 6. Daren's Proposal - Daren bothers everyone.  </description>
			<category>podiobooks</category>
			<category>audio book</category>
			<category>Fantasy</category>
			<guid isPermaLink="false">d342fead9bc0137578e5bbb97a4000b5</guid>
			<pubDate>Thu, 20 Nov 2008 10:01:22 -0500</pubDate>
			<author>editor@podiobooks.com (Evo Terra)</author>
			<enclosure url="http://www.podiobooks.com/sample/68921/PB-Panamindorah2-02.mp3" length="26546685" type="audio/mpeg" />


			<!-- Start iTunes tags -->
			<itunes:author>Abigail Hilton</itunes:author>
			<itunes:subtitle>Chapter 4. Another Interrogation - Chance makes his...</itunes:subtitle>
			<itunes:summary>Chapter 4. Another Interrogation - Chance makes his own decision about loyalty. Chapter 5. Jubal Investigates - Back in Danda-lay Jubal has doubts about Syrill's story of what happened to Capricia. Lexus's cubs search for their father. Chapter 6. Daren's Proposal - Daren bothers everyone. </itunes:summary>
		<itunes:explicit>no</itunes:explicit>
			<itunes:duration>00:45:00</itunes:duration>
			<itunes:keywords>TheProphetofPanamindorahBookIIWolflingsandWizards, Abigail Hilton, Fantasy, podiobook, audio book</itunes:keywords>
			<!-- End iTunes tags -->


		</item>
		<item>
			<title>Episode 3 - The Prophet of Panamindorah, Book II Wolflings and Wizards</title>
			<link>http://www.podiobooks.com/</link>
			<comments>http://www.podiobooks.com/blog/2008/09/21/the-prophet-of-panamindorah-book-ii-wolflings-and-wizards/</comments>
			<description>-In this episode: Chapter 7. Laylan's Bargain - Laylan and Fenrah come to an understanding. Lexus's cubs find Corry. Chapter 8. In the Dark - The Raiders, Laylan, and Chance are back above ground. Corry and the cubs decide to look for Lexus. Chapter 9. A Warning Proves Well Founded - We find out what happened to Shyshax. </description>
			<category>podiobooks</category>
			<category>audio book</category>
			<category>Fantasy</category>
			<guid isPermaLink="false">370d56c476da2975955d653b31ea4d93</guid>
			<pubDate>Wed, 19 Nov 2008 10:01:22 -0500</pubDate>
			<author>editor@podiobooks.com (Evo Terra)</author>
			<enclosure url="http://www.podiobooks.com/sample/68922/PB-Panamindorah2-03.mp3" length="32110557" type="audio/mpeg" />


			<!-- Start iTunes tags -->
			<itunes:author>Abigail Hilton</itunes:author>
			<itunes:subtitle>Chapter 7. Laylan's Bargain - Laylan and Fenrah...</itunes:subtitle>
			<itunes:summary>Chapter 7. Laylan's Bargain - Laylan and Fenrah come to an understanding. Lexus's cubs find Corry. Chapter 8. In the Dark - The Raiders, Laylan, and Chance are back above ground. Corry and the cubs decide to look for Lexus. Chapter 9. A Warning Proves Well Founded - We find out what happened to Shyshax.</itunes:summary>
		<itunes:explicit>no</itunes:explicit>
			<itunes:duration>00:45:00</itunes:duration>
			<itunes:keywords>TheProphetofPanamindorahBookIIWolflingsandWizards, Abigail Hilton, Fantasy, podiobook, audio book</itunes:keywords>
			<!-- End iTunes tags -->


		</item>
		<item>
			<title>Episode 4 - The Prophet of Panamindorah, Book II Wolflings and Wizards</title>
			<link>http://www.podiobooks.com/</link>
			<comments>http://www.podiobooks.com/blog/2008/09/21/the-prophet-of-panamindorah-book-ii-wolflings-and-wizards/</comments>
			<description>-In this episode: Chapter 10. Ambush - Several shelts and animals die. Chapter 11. Ounce - Ounce talks about his past, and we learn the truth about Hualien. Chapter 12. Mist is an Impartial Aid - Jubal gives a warning. Laylan tries to be helpful.  </description>
			<category>podiobooks</category>
			<category>audio book</category>
			<category>Fantasy</category>
			<guid isPermaLink="false">4689f01c4dd175087fc7d5d913f5f3be</guid>
			<pubDate>Tue, 18 Nov 2008 10:01:22 -0500</pubDate>
			<author>editor@podiobooks.com (Evo Terra)</author>
			<enclosure url="http://www.podiobooks.com/sample/68963/PB-Panamindorah2-04.mp3" length="35412853" type="audio/mpeg" />


			<!-- Start iTunes tags -->
			<itunes:author>Abigail Hilton</itunes:author>
			<itunes:subtitle>Chapter 10. Ambush - Several shelts and animals...</itunes:subtitle>
			<itunes:summary>Chapter 10. Ambush - Several shelts and animals die. Chapter 11. Ounce - Ounce talks about his past, and we learn the truth about Hualien. Chapter 12. Mist is an Impartial Aid - Jubal gives a warning. Laylan tries to be helpful. </itunes:summary>
		<itunes:explicit>no</itunes:explicit>
			<itunes:duration>00:45:00</itunes:duration>
			<itunes:keywords>TheProphetofPanamindorahBookIIWolflingsandWizards, Abigail Hilton, Fantasy, podiobook, audio book</itunes:keywords>
			<!-- End iTunes tags -->


		</item>
		<item>
			<title>Episode 5 - The Prophet of Panamindorah, Book II Wolflings and Wizards</title>
			<link>http://www.podiobooks.com/</link>
			<comments>http://www.podiobooks.com/blog/2008/09/21/the-prophet-of-panamindorah-book-ii-wolflings-and-wizards/</comments>
			<description>-In this episode: Chapter 13. Another Bargain - Chance makes a deal with the Raiders. Corry and the cubs arrive in Kazar swamp. Chapter 14. Sham's Revenge - Sham fights a battle with himself. Chapter 15. Two Points on the Tiber-wan - The Raiders attempt to cross a bridge and meet with disaster. Jubal's warning reaches Shadock at last.  </description>
			<category>podiobooks</category>
			<category>audio book</category>
			<category>Fantasy</category>
			<guid isPermaLink="false">54af18a9acd4bf9f5b4bf5a1ed74f0be</guid>
			<pubDate>Mon, 17 Nov 2008 10:01:22 -0500</pubDate>
			<author>editor@podiobooks.com (Evo Terra)</author>
			<enclosure url="http://www.podiobooks.com/sample/68997/PB-Panamindorah2-05.mp3" length="24884043" type="audio/mpeg" />


			<!-- Start iTunes tags -->
			<itunes:author>Abigail Hilton</itunes:author>
			<itunes:subtitle>Chapter 13. Another Bargain - Chance makes a...</itunes:subtitle>
			<itunes:summary>Chapter 13. Another Bargain - Chance makes a deal with the Raiders. Corry and the cubs arrive in Kazar swamp. Chapter 14. Sham's Revenge - Sham fights a battle with himself. Chapter 15. Two Points on the Tiber-wan - The Raiders attempt to cross a bridge and meet with disaster. Jubal's warning reaches Shadock at last. </itunes:summary>
		<itunes:explicit>no</itunes:explicit>
			<itunes:duration>00:45:00</itunes:duration>
			<itunes:keywords>TheProphetofPanamindorahBookIIWolflingsandWizards, Abigail Hilton, Fantasy, podiobook, audio book</itunes:keywords>
			<!-- End iTunes tags -->


		</item>
		<item>
			<title>Episode 6 - The Prophet of Panamindorah, Book II Wolflings and Wizards</title>
			<link>http://www.podiobooks.com/</link>
			<comments>http://www.podiobooks.com/blog/2008/09/21/the-prophet-of-panamindorah-book-ii-wolflings-and-wizards/</comments>
			<description>-In this episode: Chapter 1. Secret of the Bridge - What happened to Laylan and Chance? Chapter 2. The Note Brought by a Dead Messenger - Jubal gets an unpleasant surprise from Sharon-zool. Chapter 3. Encounters by Night - Corry and the cubs meet a stranger in the swamp. Chapter 4. The Hedge of Thorns - Corry and the cubs become increasingly uncomfortable with their benefactor.  </description>
			<category>podiobooks</category>
			<category>audio book</category>
			<category>Fantasy</category>
			<guid isPermaLink="false">414801c779e80a8e718a60c319413a1d</guid>
			<pubDate>Sun, 16 Nov 2008 10:01:22 -0500</pubDate>
			<author>editor@podiobooks.com (Evo Terra)</author>
			<enclosure url="http://www.podiobooks.com/sample/69042/PB-Panamindorah2-06.mp3" length="30315587" type="audio/mpeg" />


			<!-- Start iTunes tags -->
			<itunes:author>Abigail Hilton</itunes:author>
			<itunes:subtitle>Chapter 1. Secret of the Bridge - What...</itunes:subtitle>
			<itunes:summary>Chapter 1. Secret of the Bridge - What happened to Laylan and Chance? Chapter 2. The Note Brought by a Dead Messenger - Jubal gets an unpleasant surprise from Sharon-zool. Chapter 3. Encounters by Night - Corry and the cubs meet a stranger in the swamp. Chapter 4. The Hedge of Thorns - Corry and the cubs become increasingly uncomfortable with their benefactor. </itunes:summary>
		<itunes:explicit>no</itunes:explicit>
			<itunes:duration>00:45:00</itunes:duration>
			<itunes:keywords>TheProphetofPanamindorahBookIIWolflingsandWizards, Abigail Hilton, Fantasy, podiobook, audio book</itunes:keywords>
			<!-- End iTunes tags -->


		</item>
		<item>
			<title>Episode 7 - The Prophet of Panamindorah, Book II Wolflings and Wizards</title>
			<link>http://www.podiobooks.com/</link>
			<comments>http://www.podiobooks.com/blog/2008/09/21/the-prophet-of-panamindorah-book-ii-wolflings-and-wizards/</comments>
			<description>-In this episode: Chapter 5. Syrill - Syrill is in a lot of trouble. So is Danda-lay. Chapter 6. The House Behind the Waterfall - Corry has an honest conversation with Leesha. Chapter 7. In the Dungeon Pit - Syrill faces his worst fears.  </description>
			<category>podiobooks</category>
			<category>audio book</category>
			<category>Fantasy</category>
			<guid isPermaLink="false">4ef88addb156c28b189141509ff3cc91</guid>
			<pubDate>Sat, 15 Nov 2008 10:01:22 -0500</pubDate>
			<author>editor@podiobooks.com (Evo Terra)</author>
			<enclosure url="http://www.podiobooks.com/sample/69140/PB-Panamindorah2-07.mp3" length="29505068" type="audio/mpeg" />


			<!-- Start iTunes tags -->
			<itunes:author>Abigail Hilton</itunes:author>
			<itunes:subtitle>Chapter 5. Syrill - Syrill is in a...</itunes:subtitle>
			<itunes:summary>Chapter 5. Syrill - Syrill is in a lot of trouble. So is Danda-lay. Chapter 6. The House Behind the Waterfall - Corry has an honest conversation with Leesha. Chapter 7. In the Dungeon Pit - Syrill faces his worst fears. </itunes:summary>
		<itunes:explicit>no</itunes:explicit>
			<itunes:duration>00:45:00</itunes:duration>
			<itunes:keywords>TheProphetofPanamindorahBookIIWolflingsandWizards, Abigail Hilton, Fantasy, podiobook, audio book</itunes:keywords>
			<!-- End iTunes tags -->


		</item>
		<item>
			<title>Episode 8 - The Prophet of Panamindorah, Book II Wolflings and Wizards</title>
			<link>http://www.podiobooks.com/</link>
			<comments>http://www.podiobooks.com/blog/2008/09/21/the-prophet-of-panamindorah-book-ii-wolflings-and-wizards/</comments>
			<description>-In this episode: Chapter 8. Unpleasant Surprises - Capricia is found. Chapter 9. Dark Secret - Capricia discovers their true enemy. Chapter 10. Rescues - Corry and the cubs learn the name of their host and discover an old and ugly secret.  </description>
			<category>podiobooks</category>
			<category>audio book</category>
			<category>Fantasy</category>
			<guid isPermaLink="false">80f48e05bff279d6c619dcf8dfc2ecbe</guid>
			<pubDate>Fri, 14 Nov 2008 10:01:22 -0500</pubDate>
			<author>editor@podiobooks.com (Evo Terra)</author>
			<enclosure url="http://www.podiobooks.com/sample/69209/PB-Panamindorah2-08.mp3" length="32279063" type="audio/mpeg" />


			<!-- Start iTunes tags -->
			<itunes:author>Abigail Hilton</itunes:author>
			<itunes:subtitle>Chapter 8. Unpleasant Surprises - Capricia is found....</itunes:subtitle>
			<itunes:summary>Chapter 8. Unpleasant Surprises - Capricia is found. Chapter 9. Dark Secret - Capricia discovers their true enemy. Chapter 10. Rescues - Corry and the cubs learn the name of their host and discover an old and ugly secret. </itunes:summary>
		<itunes:explicit>no</itunes:explicit>
			<itunes:duration>00:45:00</itunes:duration>
			<itunes:keywords>TheProphetofPanamindorahBookIIWolflingsandWizards, Abigail Hilton, Fantasy, podiobook, audio book</itunes:keywords>
			<!-- End iTunes tags -->


		</item>
		<item>
			<title>Episode 9 - The Prophet of Panamindorah, Book II Wolflings and Wizards</title>
			<link>http://www.podiobooks.com/</link>
			<comments>http://www.podiobooks.com/blog/2008/09/21/the-prophet-of-panamindorah-book-ii-wolflings-and-wizards/</comments>
			<description>-In this episode: Chapter 11. Fur and Feathers - Lexus and Syrill begin a grueling race. Leesha is in trouble. Chapter 12. A King's Revenge - Shadock puts Jubal in a heartbreaking position. Chapter 13. Reflections in a Glass - Archemais shows his true nature. So does Jubal.  </description>
			<category>podiobooks</category>
			<category>audio book</category>
			<category>Fantasy</category>
			<guid isPermaLink="false">cddebe32be81be7da6ad8f958fc0486f</guid>
			<pubDate>Thu, 13 Nov 2008 10:01:22 -0500</pubDate>
			<author>editor@podiobooks.com (Evo Terra)</author>
			<enclosure url="http://www.podiobooks.com/sample/69266/PB-Panamindorah2-09.mp3" length="29104341" type="audio/mpeg" />


			<!-- Start iTunes tags -->
			<itunes:author>Abigail Hilton</itunes:author>
			<itunes:subtitle>Chapter 11. Fur and Feathers - Lexus and...</itunes:subtitle>
			<itunes:summary>Chapter 11. Fur and Feathers - Lexus and Syrill begin a grueling race. Leesha is in trouble. Chapter 12. A King's Revenge - Shadock puts Jubal in a heartbreaking position. Chapter 13. Reflections in a Glass - Archemais shows his true nature. So does Jubal. </itunes:summary>
		<itunes:explicit>no</itunes:explicit>
			<itunes:duration>00:45:00</itunes:duration>
			<itunes:keywords>TheProphetofPanamindorahBookIIWolflingsandWizards, Abigail Hilton, Fantasy, podiobook, audio book</itunes:keywords>
			<!-- End iTunes tags -->


		</item>
		<item>
			<title>Episode 10 - The Prophet of Panamindorah, Book II Wolflings and Wizards</title>
			<link>http://www.podiobooks.com/</link>
			<comments>http://www.podiobooks.com/blog/2008/09/21/the-prophet-of-panamindorah-book-ii-wolflings-and-wizards/</comments>
			<description>-In this episode: Chapter 14. Smoke and Mirrors - How to defend a city on a shoestring budget. Chapter 15. Arrivals Unannounced - A plan goes wrong in Danda-lay, and the Raiders arrive in Laven-lay.  </description>
			<category>podiobooks</category>
			<category>audio book</category>
			<category>Fantasy</category>
			<guid isPermaLink="false">804407af3f0294829c51d4f2de64d036</guid>
			<pubDate>Wed, 12 Nov 2008 10:01:22 -0500</pubDate>
			<author>editor@podiobooks.com (Evo Terra)</author>
			<enclosure url="http://www.podiobooks.com/sample/69319/PB-Panamindorah2-10.mp3" length="30340666" type="audio/mpeg" />


			<!-- Start iTunes tags -->
			<itunes:author>Abigail Hilton</itunes:author>
			<itunes:subtitle>Chapter 14. Smoke and Mirrors - How to...</itunes:subtitle>
			<itunes:summary>Chapter 14. Smoke and Mirrors - How to defend a city on a shoestring budget. Chapter 15. Arrivals Unannounced - A plan goes wrong in Danda-lay, and the Raiders arrive in Laven-lay. </itunes:summary>
		<itunes:explicit>no</itunes:explicit>
			<itunes:duration>00:45:00</itunes:duration>
			<itunes:keywords>TheProphetofPanamindorahBookIIWolflingsandWizards, Abigail Hilton, Fantasy, podiobook, audio book</itunes:keywords>
			<!-- End iTunes tags -->


		</item>
		<item>
			<title>Episode 11 - The Prophet of Panamindorah, Book II Wolflings and Wizards</title>
			<link>http://www.podiobooks.com/</link>
			<comments>http://www.podiobooks.com/blog/2008/09/21/the-prophet-of-panamindorah-book-ii-wolflings-and-wizards/</comments>
			<description>-In this episode: Chapter 16. At the End of the Race - The Raiders are in a tight corner. </description>
			<category>podiobooks</category>
			<category>audio book</category>
			<category>Fantasy</category>
			<guid isPermaLink="false">b4a5259c99c9af81f342bb069475c147</guid>
			<pubDate>Tue, 11 Nov 2008 10:01:22 -0500</pubDate>
			<author>editor@podiobooks.com (Evo Terra)</author>
			<enclosure url="http://www.podiobooks.com/sample/69365/PB-Panamindorah2-11.mp3" length="16014279" type="audio/mpeg" />


			<!-- Start iTunes tags -->
			<itunes:author>Abigail Hilton</itunes:author>
			<itunes:subtitle>Chapter 16. At the End of the Race...</itunes:subtitle>
			<itunes:summary>Chapter 16. At the End of the Race - The Raiders are in a tight corner.</itunes:summary>
		<itunes:explicit>no</itunes:explicit>
			<itunes:duration>00:45:00</itunes:duration>
			<itunes:keywords>TheProphetofPanamindorahBookIIWolflingsandWizards, Abigail Hilton, Fantasy, podiobook, audio book</itunes:keywords>
			<!-- End iTunes tags -->


		</item>
		<item>
			<title>Episode 12 - The Prophet of Panamindorah, Book II Wolflings and Wizards</title>
			<link>http://www.podiobooks.com/</link>
			<comments>http://www.podiobooks.com/blog/2008/09/21/the-prophet-of-panamindorah-book-ii-wolflings-and-wizards/</comments>
			<description>-In this episode: Chapter 17. Requests - Chance repays a kindness. Lexus and Syrill argue. Chapter 18. Lexus Explains - Lexus tells Syrill what happened to Capricia's mother.  </description>
			<category>podiobooks</category>
			<category>audio book</category>
			<category>Fantasy</category>
			<guid isPermaLink="false">36a959ff52099066538166e5657f3747</guid>
			<pubDate>Mon, 10 Nov 2008 10:01:22 -0500</pubDate>
			<author>editor@podiobooks.com (Evo Terra)</author>
			<enclosure url="http://www.podiobooks.com/sample/69400/PB-Panamindorah2-12.mp3" length="29485522" type="audio/mpeg" />


			<!-- Start iTunes tags -->
			<itunes:author>Abigail Hilton</itunes:author>
			<itunes:subtitle>Chapter 17. Requests - Chance repays a kindness....</itunes:subtitle>
			<itunes:summary>Chapter 17. Requests - Chance repays a kindness. Lexus and Syrill argue. Chapter 18. Lexus Explains - Lexus tells Syrill what happened to Capricia's mother. </itunes:summary>
		<itunes:explicit>no</itunes:explicit>
			<itunes:duration>00:45:00</itunes:duration>
			<itunes:keywords>TheProphetofPanamindorahBookIIWolflingsandWizards, Abigail Hilton, Fantasy, podiobook, audio book</itunes:keywords>
			<!-- End iTunes tags -->


		</item>
		<item>
			<title>The Prophet of Panamindorah, Book II Wolflings and Wizards - The End</title>
			<link>http://www.podiobooks.com/</link>
			<comments>http://www.podiobooks.com/blog/2008/09/21/the-prophet-of-panamindorah-book-ii-wolflings-and-wizards/</comments>
			<description>The End</description>
			<category>podiobooks</category>
			<category>audio book</category>
			<category>Fantasy</category>
			<guid isPermaLink="false">5836453f7e873f0957a7177e8498a352</guid>
			<pubDate>Mon, 10 Nov 2008 10:01:22 -0500</pubDate>
			<author>editor@podiobooks.com (Evo Terra)</author>
			<enclosure url="http://www.podiobooks.com/sample/0/theend.mp3" length="404254" type="audio/mpeg" />


			<!-- Start iTunes tags -->
			<itunes:author>Podiobooks Staff</itunes:author>
			<itunes:subtitle>The End</itunes:subtitle>
			<itunes:summary>The End</itunes:summary>
		<itunes:explicit>no</itunes:explicit>
			<itunes:duration>00:02:00</itunes:duration>
			<itunes:keywords>TheProphetofPanamindorahBookIIWolflingsandWizards, Abigail Hilton, Fantasy, podiobook, audio book</itunes:keywords>
			<!-- End iTunes tags -->


		</item>
	
	</channel>
</rss>