<?xml version="1.0"?>
<rss xmlns:content="http://purl.org/rss/1.0/modules/content/" xmlns:itunes="http://www.itunes.com/dtds/podcast-1.0.dtd" version="2.0"  xmlns:atom="http://www.w3.org/2005/Atom">
	<channel>
		<title>The Prophet of Panamindorah, Book I Fauns and Filinians - A free audiobook by Abigail Hilton</title>
		<link>http://www.podiobooks.com/title/the-prophet-of-panamindorah-book-1</link>
		<atom:link href="http://www.podiobooks.com/title/the-prophet-of-panamindorah-book-1/feed" rel="self" type="application/rss+xml" />
		<description>In this podiobook: Corry showed up at the orphanage two years ago, unable to remember how he'd gotten there. He spoke a language no one recognized, and he was afraid of cars and planes and computers. Corry can remember snippets of another life, but no matter how hard he tries to remember, it just keeps slipping away. Then one day, he meets a fauness in an orange grove. She's from a world called Panamindorah, and he can understand her language. In addition, Corry can read a language that no one in Panamindorah has been able to read for three hundred years; has he really been gone that long? Now he must recover his lost memories and rebuild his life, because the person who tried to kill him once is about to try again. The Prophet of Panamindorah is for listeners 13 and older.</description>
		<webMaster>webmaster@podiobooks.com (Chris Miller)</webMaster>
		<managingEditor>editor@podiobooks.com (Evo Terra)</managingEditor>
		<pubDate>Sun, 21 Sep 2008 23:58:45 -0400</pubDate>
		<category>podiobooks</category>
		<category>audio book</category>
		<category>Fantasy</category>
		<image>
			<url>http://www.podiobooks.com/images/covers/TheProfitofPanamindorahBook1.jpg</url>
			<width>144</width>
			<height>144</height>
			<link>http://www.podiobooks.com/title/the-prophet-of-panamindorah-book-1</link>
			<title>The Prophet of Panamindorah, Book I Fauns and Filinians - A free audiobook by Abigail Hilton</title>
		</image>
		<copyright>Some rights reserved, 2004-2005. Abigail Hilton</copyright>
		<language>en-us</language>
		<docs>http://blogs.law.harvard.edu/tech/rss</docs>
		<generator>Castermaster 1.0</generator>


<!-- Start iTunes tags -->
		<itunes:subtitle>A free audiobook by Abigail Hilton</itunes:subtitle>
		<itunes:summary>In this podiobook: Corry showed up at the orphanage two years ago, unable to remember how he'd gotten there. He spoke a language no one recognized, and he was afraid of cars and planes and computers. Corry can remember snippets of another life, but no matter how hard he tries to remember, it just keeps slipping away. Then one day, he meets a fauness in an orange grove. She's from a world called Panamindorah, and he can understand her language. In addition, Corry can read a language that no one in Panamindorah has been able to read for three hundred years; has he really been gone that long? Now he must recover his lost memories and rebuild his life, because the person who tried to kill him once is about to try again. The Prophet of Panamindorah is for listeners 13 and older.</itunes:summary>
		<itunes:owner>			<itunes:email>evo@podiobooks.com</itunes:email>
			<itunes:name>Evo Terra</itunes:name>
		</itunes:owner>
		<itunes:author>Abigail Hilton</itunes:author>
<itunes:category text="Arts">
<itunes:category text="Literature"/>
</itunes:category>
		<itunes:image href="http://www.podiobooks.com/images/covers/TheProfitofPanamindorahBook1.jpg"/>
		<itunes:explicit>no</itunes:explicit>
<!-- End iTunes tags -->
		

		<item>
			<title>Episode 1 - The Prophet of Panamindorah, Book I Fauns and Filinians</title>
			<link>http://www.podiobooks.com/</link>
			<comments>http://www.podiobooks.com/blog/2008/08/20/the-prophet-of-panamindorah-book-i-fauns-and-filinians/</comments>
			<description>-In this episode: Part IPrelude: Sing Muse - a wizard plans doom for his enemies.Chapter 1. Voices in the Walls - Corry sees a fauness.Chapter 2. Music in the Dark - Corry finds Panamindorah. </description>
			<category>podiobooks</category>
			<category>audio book</category>
			<category>Fantasy</category>
			<guid isPermaLink="false">556b5115573840f2ba8a3f43f8dde971</guid>
			<pubDate>Sun, 21 Sep 2008 23:58:45 -0400</pubDate>
			<author>editor@podiobooks.com (Evo Terra)</author>
			<enclosure url="http://www.podiobooks.com/sample/68659/PB-Panamindorah1-01.mp3" length="26308252" type="audio/mpeg" />


			<!-- Start iTunes tags -->
			<itunes:author>Abigail Hilton</itunes:author>
			<itunes:subtitle>Part IPrelude: Sing Muse - a wizard plans...</itunes:subtitle>
			<itunes:summary>Part IPrelude: Sing Muse - a wizard plans doom for his enemies.Chapter 1. Voices in the Walls - Corry sees a fauness.Chapter 2. Music in the Dark - Corry finds Panamindorah.</itunes:summary>
		<itunes:explicit>no</itunes:explicit>
			<itunes:duration>00:45:00</itunes:duration>
			<itunes:keywords>TheProphetofPanamindorahBookIFaunsandFilinians, Abigail Hilton, Fantasy, podiobook, audio book</itunes:keywords>
			<!-- End iTunes tags -->


		</item>
		<item>
			<title>Episode 2 - The Prophet of Panamindorah, Book I Fauns and Filinians</title>
			<link>http://www.podiobooks.com/</link>
			<comments>http://www.podiobooks.com/blog/2008/08/20/the-prophet-of-panamindorah-book-i-fauns-and-filinians/</comments>
			<description>-In this episode: Chapter 3. Laven-lay - Corry is kidnapped by wood fauns and rescued by an angry princess.Chapter 4. A Conflict of Interests - Corry reads an ancient language and loses an argument.Chapter 5. An Introduction to Wolflings - Corry and Syrill are kidnapped by wolflings. </description>
			<category>podiobooks</category>
			<category>audio book</category>
			<category>Fantasy</category>
			<guid isPermaLink="false">0766718b8b8434b72b02efde9c719956</guid>
			<pubDate>Sat, 20 Sep 2008 23:58:45 -0400</pubDate>
			<author>editor@podiobooks.com (Evo Terra)</author>
			<enclosure url="http://www.podiobooks.com/sample/68660/PB-Panamindorah1-02.mp3" length="34656987" type="audio/mpeg" />


			<!-- Start iTunes tags -->
			<itunes:author>Abigail Hilton</itunes:author>
			<itunes:subtitle>Chapter 3. Laven-lay - Corry is kidnapped by...</itunes:subtitle>
			<itunes:summary>Chapter 3. Laven-lay - Corry is kidnapped by wood fauns and rescued by an angry princess.Chapter 4. A Conflict of Interests - Corry reads an ancient language and loses an argument.Chapter 5. An Introduction to Wolflings - Corry and Syrill are kidnapped by wolflings.</itunes:summary>
		<itunes:explicit>no</itunes:explicit>
			<itunes:duration>00:45:00</itunes:duration>
			<itunes:keywords>TheProphetofPanamindorahBookIFaunsandFilinians, Abigail Hilton, Fantasy, podiobook, audio book</itunes:keywords>
			<!-- End iTunes tags -->


		</item>
		<item>
			<title>Episode 3 - The Prophet of Panamindorah, Book I Fauns and Filinians</title>
			<link>http://www.podiobooks.com/</link>
			<comments>http://www.podiobooks.com/blog/2008/08/20/the-prophet-of-panamindorah-book-i-fauns-and-filinians/</comments>
			<description>-In this episode: Chapter 6. Raiders - Syrill explains why the wolflings and fauns aren't getting along.Chapter 7. Fenrah - Corry meets a bandit queen.Chapter 8. Trouble for a Key - Corry and Syrill escape, but are soon re-captured and in worse circumstances. </description>
			<category>podiobooks</category>
			<category>audio book</category>
			<category>Fantasy</category>
			<guid isPermaLink="false">4461b57009fbb861543a69ebb90addca</guid>
			<pubDate>Fri, 19 Sep 2008 23:58:45 -0400</pubDate>
			<author>editor@podiobooks.com (Evo Terra)</author>
			<enclosure url="http://www.podiobooks.com/sample/68661/PB-Panamindorah1-03.mp3" length="29604696" type="audio/mpeg" />


			<!-- Start iTunes tags -->
			<itunes:author>Abigail Hilton</itunes:author>
			<itunes:subtitle>Chapter 6. Raiders - Syrill explains why the...</itunes:subtitle>
			<itunes:summary>Chapter 6. Raiders - Syrill explains why the wolflings and fauns aren't getting along.Chapter 7. Fenrah - Corry meets a bandit queen.Chapter 8. Trouble for a Key - Corry and Syrill escape, but are soon re-captured and in worse circumstances.</itunes:summary>
		<itunes:explicit>no</itunes:explicit>
			<itunes:duration>00:45:00</itunes:duration>
			<itunes:keywords>TheProphetofPanamindorahBookIFaunsandFilinians, Abigail Hilton, Fantasy, podiobook, audio book</itunes:keywords>
			<!-- End iTunes tags -->


		</item>
		<item>
			<title>Episode 4 - The Prophet of Panamindorah, Book I Fauns and Filinians</title>
			<link>http://www.podiobooks.com/</link>
			<comments>http://www.podiobooks.com/blog/2008/08/20/the-prophet-of-panamindorah-book-i-fauns-and-filinians/</comments>
			<description>-In this episode: Chapter 9. Shift - Corry surprises everyone, most of all himself, and returns to Laven-lay a hero.Chapter 10. The Agreement - Capricia agrees to help Corry acclimate to Panamindorah on her own terms.Chapter 11. Aspects of a Dinner Conversation - Corry listens to talk of a new centaur king, a new source of furs, and the ascension to power of Syrill's arch enemy, Lexus. </description>
			<category>podiobooks</category>
			<category>audio book</category>
			<category>Fantasy</category>
			<guid isPermaLink="false">b1231b46ce1aac874c4b864e60aee0ea</guid>
			<pubDate>Thu, 18 Sep 2008 23:58:45 -0400</pubDate>
			<author>editor@podiobooks.com (Evo Terra)</author>
			<enclosure url="http://www.podiobooks.com/sample/68662/PB-Panamindorah1-04.mp3" length="33569457" type="audio/mpeg" />


			<!-- Start iTunes tags -->
			<itunes:author>Abigail Hilton</itunes:author>
			<itunes:subtitle>Chapter 9. Shift - Corry surprises everyone, most...</itunes:subtitle>
			<itunes:summary>Chapter 9. Shift - Corry surprises everyone, most of all himself, and returns to Laven-lay a hero.Chapter 10. The Agreement - Capricia agrees to help Corry acclimate to Panamindorah on her own terms.Chapter 11. Aspects of a Dinner Conversation - Corry listens to talk of a new centaur king, a new source of furs, and the ascension to power of Syrill's arch enemy, Lexus.</itunes:summary>
		<itunes:explicit>no</itunes:explicit>
			<itunes:duration>00:45:00</itunes:duration>
			<itunes:keywords>TheProphetofPanamindorahBookIFaunsandFilinians, Abigail Hilton, Fantasy, podiobook, audio book</itunes:keywords>
			<!-- End iTunes tags -->


		</item>
		<item>
			<title>Episode 5 - The Prophet of Panamindorah, Book I Fauns and Filinians</title>
			<link>http://www.podiobooks.com/</link>
			<comments>http://www.podiobooks.com/blog/2008/08/20/the-prophet-of-panamindorah-book-i-fauns-and-filinians/</comments>
			<description>-In this episode: Chapter 12. Thief - Corry catches a thief and loses a few months.Chapter 13. The End of a War and the Beginning of a Grudge - Lexus outmaneuvers Syrill. </description>
			<category>podiobooks</category>
			<category>audio book</category>
			<category>Fantasy</category>
			<guid isPermaLink="false">e927483e983374a906598305d3dea05a</guid>
			<pubDate>Wed, 17 Sep 2008 23:58:45 -0400</pubDate>
			<author>editor@podiobooks.com (Evo Terra)</author>
			<enclosure url="http://www.podiobooks.com/sample/68663/PB-Panamindorah1-05.mp3" length="29870934" type="audio/mpeg" />


			<!-- Start iTunes tags -->
			<itunes:author>Abigail Hilton</itunes:author>
			<itunes:subtitle>Chapter 12. Thief - Corry catches a thief...</itunes:subtitle>
			<itunes:summary>Chapter 12. Thief - Corry catches a thief and loses a few months.Chapter 13. The End of a War and the Beginning of a Grudge - Lexus outmaneuvers Syrill.</itunes:summary>
		<itunes:explicit>no</itunes:explicit>
			<itunes:duration>00:45:00</itunes:duration>
			<itunes:keywords>TheProphetofPanamindorahBookIFaunsandFilinians, Abigail Hilton, Fantasy, podiobook, audio book</itunes:keywords>
			<!-- End iTunes tags -->


		</item>
		<item>
			<title>Episode 6  - The Prophet of Panamindorah, Book I Fauns and Filinians</title>
			<link>http://www.podiobooks.com/</link>
			<comments>http://www.podiobooks.com/blog/2008/08/20/the-prophet-of-panamindorah-book-i-fauns-and-filinians/</comments>
			<description>-In this episode: Part II Chapter 1. Char - shelt slaves live a miserable, illegal existence in Kazar swamp. Chapter 2. Laylan's Success - Sham is captured by Laylan and brought to Laven-lay to be hanged. Chapter 3. Interrogation - Sham is interrogated by Chance.  </description>
			<category>podiobooks</category>
			<category>audio book</category>
			<category>Fantasy</category>
			<guid isPermaLink="false">e1844ea0614acd52999300ae911b068c</guid>
			<pubDate>Tue, 16 Sep 2008 23:58:45 -0400</pubDate>
			<author>editor@podiobooks.com (Evo Terra)</author>
			<enclosure url="http://www.podiobooks.com/sample/68671/PB-Panamindorah1-06.mp3" length="34013747" type="audio/mpeg" />


			<!-- Start iTunes tags -->
			<itunes:author>Abigail Hilton</itunes:author>
			<itunes:subtitle>Part II Chapter 1. Char - shelt slaves...</itunes:subtitle>
			<itunes:summary>Part II Chapter 1. Char - shelt slaves live a miserable, illegal existence in Kazar swamp. Chapter 2. Laylan's Success - Sham is captured by Laylan and brought to Laven-lay to be hanged. Chapter 3. Interrogation - Sham is interrogated by Chance. </itunes:summary>
		<itunes:explicit>no</itunes:explicit>
			<itunes:duration>00:45:00</itunes:duration>
			<itunes:keywords>TheProphetofPanamindorahBookIFaunsandFilinians, Abigail Hilton, Fantasy, podiobook, audio book</itunes:keywords>
			<!-- End iTunes tags -->


		</item>
		<item>
			<title>Episode 7 - The Prophet of Panamindorah, Book I Fauns and Filinians</title>
			<link>http://www.podiobooks.com/</link>
			<comments>http://www.podiobooks.com/blog/2008/08/20/the-prophet-of-panamindorah-book-i-fauns-and-filinians/</comments>
			<description>-In this episode: Chapter 4. A Festive Occasion - A crowd gathers to watch Sham's hanging, and Chance gives them a show. Chapter 5. The Curious Construction of a Gallows - The show gets interesting. Chapter 6. The Road to Danda-lay - Corry agrees to accompany Syrill to Lupricasia, the spring festival in Danda-lay. Syrill shares his thoughts on the murder of Capricia's mother many years ago.  </description>
			<category>podiobooks</category>
			<category>audio book</category>
			<category>Fantasy</category>
			<guid isPermaLink="false">bd756e74ef9f05591c92a71b7bc5cb02</guid>
			<pubDate>Mon, 15 Sep 2008 23:58:45 -0400</pubDate>
			<author>editor@podiobooks.com (Evo Terra)</author>
			<enclosure url="http://www.podiobooks.com/sample/68745/PB-Panamindorah1-07.mp3" length="30626606" type="audio/mpeg" />


			<!-- Start iTunes tags -->
			<itunes:author>Abigail Hilton</itunes:author>
			<itunes:subtitle>Chapter 4. A Festive Occasion - A crowd...</itunes:subtitle>
			<itunes:summary>Chapter 4. A Festive Occasion - A crowd gathers to watch Sham's hanging, and Chance gives them a show. Chapter 5. The Curious Construction of a Gallows - The show gets interesting. Chapter 6. The Road to Danda-lay - Corry agrees to accompany Syrill to Lupricasia, the spring festival in Danda-lay. Syrill shares his thoughts on the murder of Capricia's mother many years ago. </itunes:summary>
		<itunes:explicit>no</itunes:explicit>
			<itunes:duration>00:45:00</itunes:duration>
			<itunes:keywords>TheProphetofPanamindorahBookIFaunsandFilinians, Abigail Hilton, Fantasy, podiobook, audio book</itunes:keywords>
			<!-- End iTunes tags -->


		</item>
		<item>
			<title>Episode 8 - The Prophet of Panamindorah, Book I Fauns and Filinians</title>
			<link>http://www.podiobooks.com/</link>
			<comments>http://www.podiobooks.com/blog/2008/08/20/the-prophet-of-panamindorah-book-i-fauns-and-filinians/</comments>
			<description>-In this episode: Chapter 7. Port Ory - Corry and Syrill arrive in Port Ory. In the chaos of the festival streets, Corry sees several things that disturb him. Chapter 8. The Sluice and the City - Corry gets a tour of Danda-lay's defenses and has an impromptu meeting with two tiger cubs.  </description>
			<category>podiobooks</category>
			<category>audio book</category>
			<category>Fantasy</category>
			<guid isPermaLink="false">b3b967cb7eba159ffc0a1b33ff7a320d</guid>
			<pubDate>Sun, 14 Sep 2008 23:58:45 -0400</pubDate>
			<author>editor@podiobooks.com (Evo Terra)</author>
			<enclosure url="http://www.podiobooks.com/sample/68789/PB-Panamindorah1-08.mp3" length="28217966" type="audio/mpeg" />


			<!-- Start iTunes tags -->
			<itunes:author>Abigail Hilton</itunes:author>
			<itunes:subtitle>Chapter 7. Port Ory - Corry and Syrill...</itunes:subtitle>
			<itunes:summary>Chapter 7. Port Ory - Corry and Syrill arrive in Port Ory. In the chaos of the festival streets, Corry sees several things that disturb him. Chapter 8. The Sluice and the City - Corry gets a tour of Danda-lay's defenses and has an impromptu meeting with two tiger cubs. </itunes:summary>
		<itunes:explicit>no</itunes:explicit>
			<itunes:duration>00:45:00</itunes:duration>
			<itunes:keywords>TheProphetofPanamindorahBookIFaunsandFilinians, Abigail Hilton, Fantasy, podiobook, audio book</itunes:keywords>
			<!-- End iTunes tags -->


		</item>
		<item>
			<title>Episode 9 - The Prophet of Panamindorah, Book I Fauns and Filinians</title>
			<link>http://www.podiobooks.com/</link>
			<comments>http://www.podiobooks.com/blog/2008/08/20/the-prophet-of-panamindorah-book-i-fauns-and-filinians/</comments>
			<description>-In this episode: Chapter 9. A Meeting of the Inner Council - We learn more about Char. In Danda-lay, Corry is unsettled by the sight of the centaur king. Chapter 10. Furs and Filinians - Corry learns more about the cubs. He buys a cap with markings that may sound familiar to the listener. Chapter 11. Salt and a Book - Corry sees a book with a picture of Gabalon, recently discovered in a hidden room of Danda-lay's library. Laylan sees it, too, and has a flash of insight.  </description>
			<category>podiobooks</category>
			<category>audio book</category>
			<category>Fantasy</category>
			<guid isPermaLink="false">bf34b529580b2f60ac72d88929483180</guid>
			<pubDate>Sat, 13 Sep 2008 23:58:45 -0400</pubDate>
			<author>editor@podiobooks.com (Evo Terra)</author>
			<enclosure url="http://www.podiobooks.com/sample/68829/PB-Panamindorah1-09.mp3" length="40595418" type="audio/mpeg" />


			<!-- Start iTunes tags -->
			<itunes:author>Abigail Hilton</itunes:author>
			<itunes:subtitle>Chapter 9. A Meeting of the Inner Council...</itunes:subtitle>
			<itunes:summary>Chapter 9. A Meeting of the Inner Council - We learn more about Char. In Danda-lay, Corry is unsettled by the sight of the centaur king. Chapter 10. Furs and Filinians - Corry learns more about the cubs. He buys a cap with markings that may sound familiar to the listener. Chapter 11. Salt and a Book - Corry sees a book with a picture of Gabalon, recently discovered in a hidden room of Danda-lay's library. Laylan sees it, too, and has a flash of insight. </itunes:summary>
		<itunes:explicit>no</itunes:explicit>
			<itunes:duration>00:45:00</itunes:duration>
			<itunes:keywords>TheProphetofPanamindorahBookIFaunsandFilinians, Abigail Hilton, Fantasy, podiobook, audio book</itunes:keywords>
			<!-- End iTunes tags -->


		</item>
		<item>
			<title>Episode 10 - The Prophet of Panamindorah, Book I Fauns and Filinians</title>
			<link>http://www.podiobooks.com/</link>
			<comments>http://www.podiobooks.com/blog/2008/08/20/the-prophet-of-panamindorah-book-i-fauns-and-filinians/</comments>
			<description>-In this episode: Chapter 12. A Rendezvous Arranged - Corry makes an appointment, and someone tries to kill him. Chapter 13. The Stone is Tossed - Corry keeps his appointment. The story continues in The Prophet of Panamindorah, Book II Wolflings and Wizards. It's available on Sept 22.  </description>
			<category>podiobooks</category>
			<category>audio book</category>
			<category>Fantasy</category>
			<guid isPermaLink="false">b32509919b2a5aed392d198efdf20740</guid>
			<pubDate>Fri, 12 Sep 2008 23:58:45 -0400</pubDate>
			<author>editor@podiobooks.com (Evo Terra)</author>
			<enclosure url="http://www.podiobooks.com/sample/68923/PB-Panamindorah1-10.mp3" length="16553989" type="audio/mpeg" />


			<!-- Start iTunes tags -->
			<itunes:author>Abigail Hilton</itunes:author>
			<itunes:subtitle>Chapter 12. A Rendezvous Arranged - Corry makes...</itunes:subtitle>
			<itunes:summary>Chapter 12. A Rendezvous Arranged - Corry makes an appointment, and someone tries to kill him. Chapter 13. The Stone is Tossed - Corry keeps his appointment. The story continues in The Prophet of Panamindorah, Book II Wolflings and Wizards. It's available on Sept 22. </itunes:summary>
		<itunes:explicit>no</itunes:explicit>
			<itunes:duration>00:45:00</itunes:duration>
			<itunes:keywords>TheProphetofPanamindorahBookIFaunsandFilinians, Abigail Hilton, Fantasy, podiobook, audio book</itunes:keywords>
			<!-- End iTunes tags -->


		</item>
		<item>
			<title>The Prophet of Panamindorah, Book I Fauns and Filinians - The End</title>
			<link>http://www.podiobooks.com/</link>
			<comments>http://www.podiobooks.com/blog/2008/08/20/the-prophet-of-panamindorah-book-i-fauns-and-filinians/</comments>
			<description>The End</description>
			<category>podiobooks</category>
			<category>audio book</category>
			<category>Fantasy</category>
			<guid isPermaLink="false">c57b4e4775e8af826853da3fc4edf559</guid>
			<pubDate>Fri, 12 Sep 2008 23:58:45 -0400</pubDate>
			<author>editor@podiobooks.com (Evo Terra)</author>
			<enclosure url="http://www.podiobooks.com/sample/0/theend.mp3" length="404254" type="audio/mpeg" />


			<!-- Start iTunes tags -->
			<itunes:author>Podiobooks Staff</itunes:author>
			<itunes:subtitle>The End</itunes:subtitle>
			<itunes:summary>The End</itunes:summary>
		<itunes:explicit>no</itunes:explicit>
			<itunes:duration>00:02:00</itunes:duration>
			<itunes:keywords>TheProphetofPanamindorahBookIFaunsandFilinians, Abigail Hilton, Fantasy, podiobook, audio book</itunes:keywords>
			<!-- End iTunes tags -->


		</item>
	
	</channel>
</rss>